Component: ARM Compiler 5.06 update 7 (build 960) Tool: armlink [4d3601]

==============================================================================

Section Cross References

    startup_stm32f407xx.o(RESET) refers to startup_stm32f407xx.o(STACK) for __initial_sp
    startup_stm32f407xx.o(RESET) refers to startup_stm32f407xx.o(.text) for Reset_Handler
    startup_stm32f407xx.o(RESET) refers to stm32f4xx_it.o(i.NMI_Handler) for NMI_Handler
    startup_stm32f407xx.o(RESET) refers to stm32f4xx_it.o(i.HardFault_Handler) for HardFault_Handler
    startup_stm32f407xx.o(RESET) refers to stm32f4xx_it.o(i.MemManage_Handler) for MemManage_Handler
    startup_stm32f407xx.o(RESET) refers to stm32f4xx_it.o(i.BusFault_Handler) for BusFault_Handler
    startup_stm32f407xx.o(RESET) refers to stm32f4xx_it.o(i.UsageFault_Handler) for UsageFault_Handler
    startup_stm32f407xx.o(RESET) refers to stm32f4xx_it.o(i.SVC_Handler) for SVC_Handler
    startup_stm32f407xx.o(RESET) refers to stm32f4xx_it.o(i.DebugMon_Handler) for DebugMon_Handler
    startup_stm32f407xx.o(RESET) refers to stm32f4xx_it.o(i.PendSV_Handler) for PendSV_Handler
    startup_stm32f407xx.o(RESET) refers to stm32f4xx_it.o(i.SysTick_Handler) for SysTick_Handler
    startup_stm32f407xx.o(RESET) refers to stm32f4xx_it.o(i.USART3_IRQHandler) for USART3_IRQHandler
    startup_stm32f407xx.o(RESET) refers to stm32f4xx_it.o(i.DMA2_Stream0_IRQHandler) for DMA2_Stream0_IRQHandler
    startup_stm32f407xx.o(RESET) refers to stm32f4xx_it.o(i.DMA2_Stream2_IRQHandler) for DMA2_Stream2_IRQHandler
    startup_stm32f407xx.o(.text) refers to system_stm32f4xx.o(i.SystemInit) for SystemInit
    startup_stm32f407xx.o(.text) refers to entry.o(.ARM.Collect$$$$00000000) for __main
    ad9834.o(i.AD9834_EnableOutput) refers to ad9834.o(i.AD9834_Write_16Bits) for AD9834_Write_16Bits
    ad9834.o(i.AD9834_Init) refers to stm32f4xx_hal_gpio.o(i.HAL_GPIO_WritePin) for HAL_GPIO_WritePin
    ad9834.o(i.AD9834_Init) refers to ad9834.o(i.AD9834_Write_16Bits) for AD9834_Write_16Bits
    ad9834.o(i.AD9834_Reset) refers to ad9834.o(i.AD9834_Write_16Bits) for AD9834_Write_16Bits
    ad9834.o(i.AD9834_Reset) refers to stm32f4xx_hal.o(i.HAL_Delay) for HAL_Delay
    ad9834.o(i.AD9834_SetFrequency) refers to f2d.o(.text) for __aeabi_f2d
    ad9834.o(i.AD9834_SetFrequency) refers to dmul.o(.text) for __aeabi_dmul
    ad9834.o(i.AD9834_SetFrequency) refers to dfixui.o(.text) for __aeabi_d2uiz
    ad9834.o(i.AD9834_SetFrequency) refers to ad9834.o(i.AD9834_Write_16Bits) for AD9834_Write_16Bits
    ad9834.o(i.AD9834_SetPhase) refers to ad9834.o(i.AD9834_Write_16Bits) for AD9834_Write_16Bits
    ad9834.o(i.AD9834_Write_16Bits) refers to stm32f4xx_hal_gpio.o(i.HAL_GPIO_WritePin) for HAL_GPIO_WritePin
    main.o(i.AD9959_ConfigurePLL) refers to main.o(i.AD9959_WriteRegister) for AD9959_WriteRegister
    main.o(i.AD9959_ConfigurePLL) refers to stm32f4xx_hal.o(i.HAL_Delay) for HAL_Delay
    main.o(i.AD9959_ConfigurePLL) refers to ad9959.o(i.ad9959_reset) for ad9959_reset
    main.o(i.AD9959_EnableSyncMode) refers to main.o(i.AD9959_WriteRegister) for AD9959_WriteRegister
    main.o(i.AD9959_EnableSyncMode) refers to ad9959.o(i.ad9959_io_update) for ad9959_io_update
    main.o(i.AD9959_ResetUsedPhases) refers to ad9959.o(i.ad9959_reset_phase) for ad9959_reset_phase
    main.o(i.AD9959_SynchronizeChannels) refers to main.o(i.AD9959_ResetUsedPhases) for AD9959_ResetUsedPhases
    main.o(i.AD9959_SynchronizeChannels) refers to ad9959.o(i.ad9959_reset) for ad9959_reset
    main.o(i.AD9959_SynchronizeChannels) refers to stm32f4xx_hal.o(i.HAL_Delay) for HAL_Delay
    main.o(i.AD9959_WriteRegister) refers to ad9959.o(i.ad9959_write_data) for ad9959_write_data
    main.o(i.AdjustMixedSignalPhase) refers to stm32f4xx_hal_adc.o(i.HAL_ADC_ConfigChannel) for HAL_ADC_ConfigChannel
    main.o(i.AdjustMixedSignalPhase) refers to stm32f4xx_hal_adc.o(i.HAL_ADC_Start) for HAL_ADC_Start
    main.o(i.AdjustMixedSignalPhase) refers to stm32f4xx_hal_adc.o(i.HAL_ADC_PollForConversion) for HAL_ADC_PollForConversion
    main.o(i.AdjustMixedSignalPhase) refers to stm32f4xx_hal_adc.o(i.HAL_ADC_GetValue) for HAL_ADC_GetValue
    main.o(i.AdjustMixedSignalPhase) refers to stm32f4xx_hal_adc.o(i.HAL_ADC_Stop) for HAL_ADC_Stop
    main.o(i.AdjustMixedSignalPhase) refers to ad9834.o(i.AD9834_SetPhase) for AD9834_SetPhase
    main.o(i.AdjustMixedSignalPhase) refers to ad9959.o(i.ad9959_write_phase) for ad9959_write_phase
    main.o(i.AdjustMixedSignalPhase) refers to f2d.o(.text) for __aeabi_f2d
    main.o(i.AdjustMixedSignalPhase) refers to printfa.o(i.__0sprintf) for __2sprintf
    main.o(i.AdjustMixedSignalPhase) refers to main.o(i.TJC_SendCmd) for TJC_SendCmd
    main.o(i.AdjustMixedSignalPhase) refers to main.o(.bss) for .bss
    main.o(i.AdjustMixedSignalPhase) refers to adc.o(.bss) for hadc2
    main.o(i.AdjustPhaseBasedOnPLL) refers to ad9959.o(i.ad9959_write_phase) for ad9959_write_phase
[...]
    i.Error_Handler                          0x08002480   Section        0  main.o(i.Error_Handler)
    i.Find_Nearest_Multiple                  0x08002484   Section        0  main.o(i.Find_Nearest_Multiple)
    i.Generate_Hanning_Window                0x080024bc   Section        0  main.o(i.Generate_Hanning_Window)
    i.HAL_ADC_ConfigChannel                  0x08002518   Section        0  stm32f4xx_hal_adc.o(i.HAL_ADC_ConfigChannel)
    i.HAL_ADC_ConvCpltCallback               0x08002664   Section        0  main.o(i.HAL_ADC_ConvCpltCallback)
    i.HAL_ADC_ConvHalfCpltCallback           0x08002688   Section        0  stm32f4xx_hal_adc.o(i.HAL_ADC_ConvHalfCpltCallback)
    i.HAL_ADC_ErrorCallback                  0x0800268a   Section        0  stm32f4xx_hal_adc.o(i.HAL_ADC_ErrorCallback)
    i.HAL_ADC_GetValue                       0x0800268c   Section        0  stm32f4xx_hal_adc.o(i.HAL_ADC_GetValue)
    i.HAL_ADC_Init                           0x08002692   Section        0  stm32f4xx_hal_adc.o(i.HAL_ADC_Init)
    i.HAL_ADC_MspInit                        0x080026e8   Section        0  adc.o(i.HAL_ADC_MspInit)
    i.HAL_ADC_PollForConversion              0x080027e8   Section        0  stm32f4xx_hal_adc.o(i.HAL_ADC_PollForConversion)
    i.HAL_ADC_Start                          0x08002894   Section        0  stm32f4xx_hal_adc.o(i.HAL_ADC_Start)
    i.HAL_ADC_Start_DMA                      0x08002990   Section        0  stm32f4xx_hal_adc.o(i.HAL_ADC_Start_DMA)
    i.HAL_ADC_Stop                           0x08002ae8   Section        0  stm32f4xx_hal_adc.o(i.HAL_ADC_Stop)
    i.HAL_ADC_Stop_DMA                       0x08002b24   Section        0  stm32f4xx_hal_adc.o(i.HAL_ADC_Stop_DMA)
    i.HAL_DMA_Abort                          0x08002b90   Section        0  stm32f4xx_hal_dma.o(i.HAL_DMA_Abort)
    i.HAL_DMA_Abort_IT                       0x08002c22   Section        0  stm32f4xx_hal_dma.o(i.HAL_DMA_Abort_IT)
    i.HAL_DMA_IRQHandler                     0x08002c48   Section        0  stm32f4xx_hal_dma.o(i.HAL_DMA_IRQHandler)
    i.HAL_DMA_Init                           0x08002de8   Section        0  stm32f4xx_hal_dma.o(i.HAL_DMA_Init)
    i.HAL_DMA_Start_IT                       0x08002ebc   Section        0  stm32f4xx_hal_dma.o(i.HAL_DMA_Start_IT)
    i.HAL_Delay                              0x08002f2c   Section        0  stm32f4xx_hal.o(i.HAL_Delay)
    i.HAL_GPIO_Init                          0x08002f50   Section        0  stm32f4xx_hal_gpio.o(i.HAL_GPIO_Init)
    i.HAL_GPIO_WritePin                      0x08003140   Section        0  stm32f4xx_hal_gpio.o(i.HAL_GPIO_WritePin)
    i.HAL_GetTick                            0x0800314c   Section        0  stm32f4xx_hal.o(i.HAL_GetTick)
    i.HAL_IncTick                            0x08003158   Section        0  stm32f4xx_hal.o(i.HAL_IncTick)
    i.HAL_Init                               0x08003168   Section        0  stm32f4xx_hal.o(i.HAL_Init)
    i.HAL_InitTick                           0x0800319c   Section        0  stm32f4xx_hal.o(i.HAL_InitTick)
    i.HAL_MspInit                            0x080031dc   Section        0  stm32f4xx_hal_msp.o(i.HAL_MspInit)
    i.HAL_NVIC_EnableIRQ                     0x0800320c   Section        0  stm32f4xx_hal_cortex.o(i.HAL_NVIC_EnableIRQ)
    i.HAL_NVIC_SetPriority                   0x08003228   Section        0  stm32f4xx_hal_cortex.o(i.HAL_NVIC_SetPriority)
    i.HAL_NVIC_SetPriorityGrouping           0x08003268   Section        0  stm32f4xx_hal_cortex.o(i.HAL_NVIC_SetPriorityGrouping)
    i.HAL_RCC_ClockConfig                    0x0800328c   Section        0  stm32f4xx_hal_rcc.o(i.HAL_RCC_ClockConfig)
    i.HAL_RCC_GetPCLK1Freq                   0x080033c0   Section        0  stm32f4xx_hal_rcc.o(i.HAL_RCC_GetPCLK1Freq)
    i.HAL_RCC_GetPCLK2Freq                   0x080033e0   Section        0  stm32f4xx_hal_rcc.o(i.HAL_RCC_GetPCLK2Freq)
    i.HAL_RCC_GetSysClockFreq                0x08003400   Section        0  stm32f4xx_hal_rcc.o(i.HAL_RCC_GetSysClockFreq)
    i.HAL_RCC_OscConfig                      0x08003460   Section        0  stm32f4xx_hal_rcc.o(i.HAL_RCC_OscConfig)
    i.HAL_SYSTICK_Config                     0x080037cc   Section        0  stm32f4xx_hal_cortex.o(i.HAL_SYSTICK_Config)
    i.HAL_TIMEx_MasterConfigSynchronization  0x080037f4   Section        0  stm32f4xx_hal_tim_ex.o(i.HAL_TIMEx_MasterConfigSynchronization)
    i.HAL_TIM_Base_Init                      0x08003884   Section        0  stm32f4xx_hal_tim.o(i.HAL_TIM_Base_Init)
    i.HAL_TIM_Base_MspInit                   0x080038e0   Section        0  tim.o(i.HAL_TIM_Base_MspInit)
    i.HAL_TIM_Base_Start                     0x08003904   Section        0  stm32f4xx_hal_tim.o(i.HAL_TIM_Base_Start)
    i.HAL_TIM_Base_Start_IT                  0x0800397c   Section        0  stm32f4xx_hal_tim.o(i.HAL_TIM_Base_Start_IT)
    i.HAL_TIM_ConfigClockSource              0x080039fc   Section        0  stm32f4xx_hal_tim.o(i.HAL_TIM_ConfigClockSource)
    i.HAL_UARTEx_RxEventCallback             0x08003ad8   Section        0  stm32f4xx_hal_uart.o(i.HAL_UARTEx_RxEventCallback)
    i.HAL_UART_ErrorCallback                 0x08003ada   Section        0  stm32f4xx_hal_uart.o(i.HAL_UART_ErrorCallback)
    i.HAL_UART_IRQHandler                    0x08003adc   Section        0  stm32f4xx_hal_uart.o(i.HAL_UART_IRQHandler)
    i.HAL_UART_Init                          0x08003d5c   Section        0  stm32f4xx_hal_uart.o(i.HAL_UART_Init)
    i.HAL_UART_MspInit                       0x08003dc0   Section        0  usart.o(i.HAL_UART_MspInit)
    i.HAL_UART_Receive_IT                    0x08003e3c   Section        0  stm32f4xx_hal_uart.o(i.HAL_UART_Receive_IT)
    i.HAL_UART_RxCpltCallback                0x08003e58   Section        0  main.o(i.HAL_UART_RxCpltCallback)
    i.HAL_UART_Transmit                      0x08003e80   Section        0  stm32f4xx_hal_uart.o(i.HAL_UART_Transmit)
    i.HAL_UART_TxCpltCallback                0x08003f20   Section        0  stm32f4xx_hal_uart.o(i.HAL_UART_TxCpltCallback)
    i.HardFault_Handler                      0x08003f22   Section        0  stm32f4xx_it.o(i.HardFault_Handler)
    i.MX_ADC1_Init                           0x08003f24   Section        0  adc.o(i.MX_ADC1_Init)
    i.MX_ADC2_Init                           0x08003f88   Section        0  adc.o(i.MX_ADC2_Init)
    i.MX_DMA_Init                            0x08003fec   Section        0  dma.o(i.MX_DMA_Init)
    i.MX_GPIO_Init                           0x08004028   Section        0  gpio.o(i.MX_GPIO_Init)
    i.MX_TIM2_Init                           0x0800410c   Section        0  tim.o(i.MX_TIM2_Init)
    i.MX_USART3_UART_Init                    0x08004170   Section        0  usart.o(i.MX_USART3_UART_Init)
    i.MeasurePhaseError                      0x080041a8   Section        0  main.o(i.MeasurePhaseError)
    i.MemManage_Handler                      0x08004400   Section        0  stm32f4xx_it.o(i.MemManage_Handler)
    i.NMI_Handler                            0x08004402   Section        0  stm32f4xx_it.o(i.NMI_Handler)
    i.PendSV_Handler                         0x08004404   Section        0  stm32f4xx_it.o(i.PendSV_Handler)
    i.Process_ADC_Data                       0x08004408   Section        0  main.o(i.Process_ADC_Data)
    i.SVC_Handler                            0x08004534   Section        0  stm32f4xx_it.o(i.SVC_Handler)
    i.Set_Output_Amplitudes                  0x08004536   Section        0  main.o(i.Set_Output_Amplitudes)
    i.Set_Output_Frequencies                 0x08004550   Section        0  main.o(i.Set_Output_Frequencies)
    i.StartPhaseTracking                     0x08004654   Section        0  main.o(i.StartPhaseTracking)
    i.SysTick_Handler                        0x08004680   Section        0  stm32f4xx_it.o(i.SysTick_Handler)
    i.SystemClock_Config                     0x08004684   Section        0  main.o(i.SystemClock_Config)
    i.SystemInit                             0x08004718   Section        0  system_stm32f4xx.o(i.SystemInit)
    i.TIM_Base_SetConfig                     0x08004728   Section        0  stm32f4xx_hal_tim.o(i.TIM_Base_SetConfig)
    i.TIM_ETR_SetConfig                      0x080047f8   Section        0  stm32f4xx_hal_tim.o(i.TIM_ETR_SetConfig)
    i.TIM_ITRx_SetConfig                     0x0800480c   Section        0  stm32f4xx_hal_tim.o(i.TIM_ITRx_SetConfig)
    TIM_ITRx_SetConfig                       0x0800480d   Thumb Code    16  stm32f4xx_hal_tim.o(i.TIM_ITRx_SetConfig)
    i.TIM_TI1_ConfigInputStage               0x0800481c   Section        0  stm32f4xx_hal_tim.o(i.TIM_TI1_ConfigInputStage)
    TIM_TI1_ConfigInputStage                 0x0800481d   Thumb Code    34  stm32f4xx_hal_tim.o(i.TIM_TI1_ConfigInputStage)
    i.TIM_TI2_ConfigInputStage               0x0800483e   Section        0  stm32f4xx_hal_tim.o(i.TIM_TI2_ConfigInputStage)
    TIM_TI2_ConfigInputStage                 0x0800483f   Thumb Code    36  stm32f4xx_hal_tim.o(i.TIM_TI2_ConfigInputStage)
    i.TJC_Init                               0x08004864   Section        0  main.o(i.TJC_Init)
    i.TJC_SendCmd                            0x08004930   Section        0  main.o(i.TJC_SendCmd)
    i.TJC_UpdateFFTData                      0x08004964   Section        0  main.o(i.TJC_UpdateFFTData)
    i.TJC_UpdateSignalInfo                   0x08004ab0   Section        0  main.o(i.TJC_UpdateSignalInfo)
    i.UART_DMAAbortOnError                   0x08004c60   Section        0  stm32f4xx_hal_uart.o(i.UART_DMAAbortOnError)
    UART_DMAAbortOnError                     0x08004c61   Thumb Code    14  stm32f4xx_hal_uart.o(i.UART_DMAAbortOnError)
    i.UART_EndRxTransfer                     0x08004c6e   Section        0  stm32f4xx_hal_uart.o(i.UART_EndRxTransfer)
    UART_EndRxTransfer                       0x08004c6f   Thumb Code    78  stm32f4xx_hal_uart.o(i.UART_EndRxTransfer)
    i.UART_Receive_IT                        0x08004cbc   Section        0  stm32f4xx_hal_uart.o(i.UART_Receive_IT)
    UART_Receive_IT                          0x08004cbd   Thumb Code   194  stm32f4xx_hal_uart.o(i.UART_Receive_IT)
    i.UART_SetConfig                         0x08004d80   Section        0  stm32f4xx_hal_uart.o(i.UART_SetConfig)
    UART_SetConfig                           0x08004d81   Thumb Code   258  stm32f4xx_hal_uart.o(i.UART_SetConfig)
    i.UART_Start_Receive_IT                  0x08004e8c   Section        0  stm32f4xx_hal_uart.o(i.UART_Start_Receive_IT)
    i.UART_WaitOnFlagUntilTimeout            0x08004ec2   Section        0  stm32f4xx_hal_uart.o(i.UART_WaitOnFlagUntilTimeout)
    UART_WaitOnFlagUntilTimeout              0x08004ec3   Thumb Code   114  stm32f4xx_hal_uart.o(i.UART_WaitOnFlagUntilTimeout)
    i.USART3_IRQHandler                      0x08004f34   Section        0  stm32f4xx_it.o(i.USART3_IRQHandler)
    i.UsageFault_Handler                     0x08004f40   Section        0  stm32f4xx_it.o(i.UsageFault_Handler)
    i.__0printf                              0x08004f44   Section        0  printfa.o(i.__0printf)
    i.__0sprintf                             0x08004f64   Section        0  printfa.o(i.__0sprintf)
    i.__NVIC_SetPriority                     0x08004f8c   Section        0  stm32f4xx_hal_cortex.o(i.__NVIC_SetPriority)
    __NVIC_SetPriority                       0x08004f8d   Thumb Code    32  stm32f4xx_hal_cortex.o(i.__NVIC_SetPriority)
    i.__hardfp_roundf                        0x08004fac   Section        0  roundf.o(i.__hardfp_roundf)
    i.__hardfp_sqrtf                         0x08005046   Section        0  sqrtf.o(i.__hardfp_sqrtf)
    i.__scatterload_copy                     0x08005080   Section       14  handlers.o(i.__scatterload_copy)
    i.__scatterload_null                     0x0800508e   Section        2  handlers.o(i.__scatterload_null)
    i.__scatterload_zeroinit                 0x08005090   Section       14  handlers.o(i.__scatterload_zeroinit)
    i.__set_errno                            0x080050a0   Section        0  errno.o(i.__set_errno)
    i._fp_digits                             0x080050ac   Section        0  printfa.o(i._fp_digits)
    _fp_digits                               0x080050ad   Thumb Code   366  printfa.o(i._fp_digits)
    i._printf_core                           0x08005230   Section        0  printfa.o(i._printf_core)
    _printf_core                             0x08005231   Thumb Code  1704  printfa.o(i._printf_core)
    i._printf_post_padding                   0x080058e4   Section        0  printfa.o(i._printf_post_padding)
    _printf_post_padding                     0x080058e5   Thumb Code    36  printfa.o(i._printf_post_padding)
    i._printf_pre_padding                    0x08005908   Section        0  printfa.o(i._printf_pre_padding)
    _printf_pre_padding                      0x08005909   Thumb Code    46  printfa.o(i._printf_pre_padding)
    i._sputc                                 0x08005936   Section        0  printfa.o(i._sputc)
    _sputc                                   0x08005937   Thumb Code    10  printfa.o(i._sputc)
    i.ad9959_delay                           0x08005940   Section        0  ad9959.o(i.ad9959_delay)
    ad9959_delay                             0x08005941   Thumb Code    12  ad9959.o(i.ad9959_delay)
    i.ad9959_init                            0x0800594c   Section        0  ad9959.o(i.ad9959_init)
    i.ad9959_io_init                         0x080059e4   Section        0  ad9959.o(i.ad9959_io_init)
    i.ad9959_io_update                       0x08005a74   Section        0  ad9959.o(i.ad9959_io_update)
    i.ad9959_reset                           0x08005ab0   Section        0  ad9959.o(i.ad9959_reset)
    i.ad9959_reset_phase                     0x08005aec   Section        0  ad9959.o(i.ad9959_reset_phase)
    i.ad9959_write_amplitude                 0x08005af2   Section        0  ad9959.o(i.ad9959_write_amplitude)
    i.ad9959_write_data                      0x08005b24   Section        0  ad9959.o(i.ad9959_write_data)
    i.ad9959_write_frequency                 0x08005bfc   Section        0  ad9959.o(i.ad9959_write_frequency)
    i.ad9959_write_phase                     0x08005c54   Section        0  ad9959.o(i.ad9959_write_phase)
    i.fputc                                  0x08005c80   Section        0  usart.o(i.fputc)
    i.main                                   0x08005c98   Section        0  main.o(i.main)
    .constdata                               0x08005dd4   Section        8  stm32f4xx_hal_dma.o(.constdata)
    flagBitshiftOffset                       0x08005dd4   Data           8  stm32f4xx_hal_dma.o(.constdata)
    .constdata                               0x08005ddc   Section       16  system_stm32f4xx.o(.constdata)
    .constdata                               0x08005dec   Section        8  system_stm32f4xx.o(.constdata)
    .data                                    0x20000000   Section       44  main.o(.data)
    triangle_phase_offset                    0x20000008   Data           2  main.o(.data)
    integral_error                           0x20000018   Data           4  main.o(.data)
    .data                                    0x2000002c   Section       12  stm32f4xx_hal.o(.data)
    .data                                    0x20000038   Section        4  system_stm32f4xx.o(.data)
    .data                                    0x2000003c   Section        4  ad9959.o(.data)
    .data                                    0x20000040   Section        4  stdout.o(.data)
    .data                                    0x20000044   Section        4  errno.o(.data)
    _errno                                   0x20000044   Data           4  errno.o(.data)
    .bss                                     0x20000048   Section    41440  main.o(.bss)
    signal_a                                 0x20000048   Data         128  main.o(.bss)
    signal_b                                 0x200000c8   Data         128  main.o(.bss)
    signal_a                                 0x20000148   Data          64  main.o(.bss)
    signal_b                                 0x20000188   Data          64  main.o(.bss)
    .bss                                     0x2000a228   Section      336  adc.o(.bss)
    .bss                                     0x2000a378   Section       72  tim.o(.bss)
    .bss                                     0x2000a3c0   Section       72  usart.o(.bss)
    STACK                                    0x2000a408   Section     1024  startup_stm32f407xx.o(STACK)

    Global Symbols

    Symbol Name                              Value     Ov Type        Size  Object(Section)

    BuildAttributes$$THM_ISAv4$E$P$D$K$B$S$7EM$VFPi3$EXTD16$VFPS$VFMA$PE$A:L22UL41UL21$X:L11$S22US41US21$IEEE1$IW$USESV6$~STKCKD$USESV7$~SHL$OTIME$ROPI$IEEEJ$EBA8$MICROLIB$REQ8$PRES8$EABIv2 0x00000000   Number         0  anon$$obj.o ABSOLUTE
    __ARM_use_no_argv                        0x00000000   Number         0  main.o ABSOLUTE
    _printf_a                                0x00000000   Number         0  stubs.o ABSOLUTE
    _printf_c                                0x00000000   Number         0  stubs.o ABSOLUTE
    _printf_charcount                        0x00000000   Number         0  stubs.o ABSOLUTE
    _printf_d                                0x00000000   Number         0  stubs.o ABSOLUTE
    _printf_e                                0x00000000   Number         0  stubs.o ABSOLUTE
    _printf_f                                0x00000000   Number         0  stubs.o ABSOLUTE
    _printf_flags                            0x00000000   Number         0  stubs.o ABSOLUTE
    _printf_fp_dec                           0x00000000   Number         0  stubs.o ABSOLUTE
    _printf_fp_hex                           0x00000000   Number         0  stubs.o ABSOLUTE
    _printf_g                                0x00000000   Number         0  stubs.o ABSOLUTE
    _printf_i                                0x00000000   Number         0  stubs.o ABSOLUTE
    _printf_int_dec                          0x00000000   Number         0  stubs.o ABSOLUTE
    _printf_l                                0x00000000   Number         0  stubs.o ABSOLUTE
    _printf_lc                               0x00000000   Number         0  stubs.o ABSOLUTE
    _printf_ll                               0x00000000   Number         0  stubs.o ABSOLUTE
    _printf_lld                              0x00000000   Number         0  stubs.o ABSOLUTE
    _printf_lli                              0x00000000   Number         0  stubs.o ABSOLUTE
    _printf_llo                              0x00000000   Number         0  stubs.o ABSOLUTE
    _printf_llu                              0x00000000   Number         0  stubs.o ABSOLUTE
    _printf_llx                              0x00000000   Number         0  stubs.o ABSOLUTE
    _printf_longlong_dec                     0x00000000   Number         0  stubs.o ABSOLUTE
    _printf_longlong_hex                     0x00000000   Number         0  stubs.o ABSOLUTE
    _printf_longlong_oct                     0x00000000   Number         0  stubs.o ABSOLUTE
    _printf_ls                               0x00000000   Number         0  stubs.o ABSOLUTE
    _printf_mbtowc                           0x00000000   Number         0  stubs.o ABSOLUTE
    _printf_n                                0x00000000   Number         0  stubs.o ABSOLUTE
    _printf_o                                0x00000000   Number         0  stubs.o ABSOLUTE
    _printf_p                                0x00000000   Number         0  stubs.o ABSOLUTE
    _printf_percent                          0x00000000   Number         0  stubs.o ABSOLUTE
    _printf_pre_padding                      0x00000000   Number         0  stubs.o ABSOLUTE
    _printf_return_value                     0x00000000   Number         0  stubs.o ABSOLUTE
    _printf_s                                0x00000000   Number         0  stubs.o ABSOLUTE
    _printf_sizespec                         0x00000000   Number         0  stubs.o ABSOLUTE
    _printf_str                              0x00000000   Number         0  stubs.o ABSOLUTE
    _printf_truncate_signed                  0x00000000   Number         0  stubs.o ABSOLUTE
    _printf_truncate_unsigned                0x00000000   Number         0  stubs.o ABSOLUTE
    _printf_u                                0x00000000   Number         0  stubs.o ABSOLUTE
    _printf_wc                               0x00000000   Number         0  stubs.o ABSOLUTE
    _printf_wctomb                           0x00000000   Number         0  stubs.o ABSOLUTE
    _printf_widthprec                        0x00000000   Number         0  stubs.o ABSOLUTE
    _printf_x                                0x00000000   Number         0  stubs.o ABSOLUTE
    __arm_fini_                               - Undefined Weak Reference
    __cpp_initialize__aeabi_                  - Undefined Weak Reference
    __cxa_finalize                            - Undefined Weak Reference
    __decompress                              - Undefined Weak Reference
    _clock_init                               - Undefined Weak Reference
    _microlib_exit                            - Undefined Weak Reference
    __Vectors_Size                           0x00000188   Number         0  startup_stm32f407xx.o ABSOLUTE
    __Vectors                                0x08000000   Data           4  startup_stm32f407xx.o(RESET)
    __Vectors_End                            0x08000188   Data           0  startup_stm32f407xx.o(RESET)
    __main                                   0x08000189   Thumb Code     0  entry.o(.ARM.Collect$$$$00000000)
    _main_stk                                0x08000189   Thumb Code     0  entry2.o(.ARM.Collect$$$$00000001)
    _main_scatterload                        0x0800018d   Thumb Code     0  entry5.o(.ARM.Collect$$$$00000004)
    __main_after_scatterload                 0x08000191   Thumb Code     0  entry5.o(.ARM.Collect$$$$00000004)
    _main_clock                              0x08000191   Thumb Code     0  entry7b.o(.ARM.Collect$$$$00000008)
    _main_cpp_init                           0x08000191   Thumb Code     0  entry8b.o(.ARM.Collect$$$$0000000A)
    _main_init                               0x08000191   Thumb Code     0  entry9a.o(.ARM.Collect$$$$0000000B)
    __rt_lib_shutdown_fini                   0x08000199   Thumb Code     0  entry12b.o(.ARM.Collect$$$$0000000E)
    __rt_final_cpp                           0x0800019d   Thumb Code     0  entry10a.o(.ARM.Collect$$$$0000000F)
    __rt_final_exit                          0x0800019d   Thumb Code     0  entry11a.o(.ARM.Collect$$$$00000011)
    Reset_Handler                            0x080001a1   Thumb Code     8  startup_stm32f407xx.o(.text)
    ADC_IRQHandler                           0x080001bb   Thumb Code     0  startup_stm32f407xx.o(.text)
    CAN1_RX0_IRQHandler                      0x080001bb   Thumb Code     0  startup_stm32f407xx.o(.text)
    CAN1_RX1_IRQHandler                      0x080001bb   Thumb Code     0  startup_stm32f407xx.o(.text)
    CAN1_SCE_IRQHandler                      0x080001bb   Thumb Code     0  startup_stm32f407xx.o(.text)
    CAN1_TX_IRQHandler                       0x080001bb   Thumb Code     0  startup_stm32f407xx.o(.text)
    CAN2_RX0_IRQHandler                      0x080001bb   Thumb Code     0  startup_stm32f407xx.o(.text)
    CAN2_RX1_IRQHandler                      0x080001bb   Thumb Code     0  startup_stm32f407xx.o(.text)
    CAN2_SCE_IRQHandler                      0x080001bb   Thumb Code     0  startup_stm32f407xx.o(.text)
    CAN2_TX_IRQHandler                       0x080001bb   Thumb Code     0  startup_stm32f407xx.o(.text)
    DCMI_IRQHandler                          0x080001bb   Thumb Code     0  startup_stm32f407xx.o(.text)
    DMA1_Stream0_IRQHandler                  0x080001bb   Thumb Code     0  startup_stm32f407xx.o(.text)
    DMA1_Stream1_IRQHandler                  0x080001bb   Thumb Code     0  startup_stm32f407xx.o(.text)
    DMA1_Stream2_IRQHandler                  0x080001bb   Thumb Code     0  startup_stm32f407xx.o(.text)
    DMA1_Stream3_IRQHandler                  0x080001bb   Thumb Code     0  startup_stm32f407xx.o(.text)
    DMA1_Stream4_IRQHandler                  0x080001bb   Thumb Code     0  startup_stm32f407xx.o(.text)
    DMA1_Stream5_IRQHandler                  0x080001bb   Thumb Code     0  startup_stm32f407xx.o(.text)
    DMA1_Stream6_IRQHandler                  0x080001bb   Thumb Code     0  startup_stm32f407xx.o(.text)
    DMA1_Stream7_IRQHandler                  0x080001bb   Thumb Code     0  startup_stm32f407xx.o(.text)
    DMA2_Stream1_IRQHandler                  0x080001bb   Thumb Code     0  startup_stm32f407xx.o(.text)
    DMA2_Stream3_IRQHandler                  0x080001bb   Thumb Code     0  startup_stm32f407xx.o(.text)
    DMA2_Stream4_IRQHandler                  0x080001bb   Thumb Code     0  startup_stm32f407xx.o(.text)
    DMA2_Stream5_IRQHandler                  0x080001bb   Thumb Code     0  startup_stm32f407xx.o(.text)
    DMA2_Stream6_IRQHandler                  0x080001bb   Thumb Code     0  startup_stm32f407xx.o(.text)
    DMA2_Stream7_IRQHandler                  0x080001bb   Thumb Code     0  startup_stm32f407xx.o(.text)
    ETH_IRQHandler                           0x080001bb   Thumb Code     0  startup_stm32f407xx.o(.text)
    ETH_WKUP_IRQHandler                      0x080001bb   Thumb Code     0  startup_stm32f407xx.o(.text)
    EXTI0_IRQHandler                         0x080001bb   Thumb Code     0  startup_stm32f407xx.o(.text)
    EXTI15_10_IRQHandler                     0x080001bb   Thumb Code     0  startup_stm32f407xx.o(.text)
    EXTI1_IRQHandler                         0x080001bb   Thumb Code     0  startup_stm32f407xx.o(.text)
    EXTI2_IRQHandler                         0x080001bb   Thumb Code     0  startup_stm32f407xx.o(.text)
    EXTI3_IRQHandler                         0x080001bb   Thumb Code     0  startup_stm32f407xx.o(.text)
    EXTI4_IRQHandler                         0x080001bb   Thumb Code     0  startup_stm32f407xx.o(.text)
    EXTI9_5_IRQHandler                       0x080001bb   Thumb Code     0  startup_stm32f407xx.o(.text)
    FLASH_IRQHandler                         0x080001bb   Thumb Code     0  startup_stm32f407xx.o(.text)
    FMC_IRQHandler                           0x080001bb   Thumb Code     0  startup_stm32f407xx.o(.text)
    FPU_IRQHandler                           0x080001bb   Thumb Code     0  startup_stm32f407xx.o(.text)
    HASH_RNG_IRQHandler                      0x080001bb   Thumb Code     0  startup_stm32f407xx.o(.text)
    I2C1_ER_IRQHandler                       0x080001bb   Thumb Code     0  startup_stm32f407xx.o(.text)
    I2C1_EV_IRQHandler                       0x080001bb   Thumb Code     0  startup_stm32f407xx.o(.text)
    I2C2_ER_IRQHandler                       0x080001bb   Thumb Code     0  startup_stm32f407xx.o(.text)
    I2C2_EV_IRQHandler                       0x080001bb   Thumb Code     0  startup_stm32f407xx.o(.text)
    I2C3_ER_IRQHandler                       0x080001bb   Thumb Code     0  startup_stm32f407xx.o(.text)
    I2C3_EV_IRQHandler                       0x080001bb   Thumb Code     0  startup_stm32f407xx.o(.text)
    OTG_FS_IRQHandler                        0x080001bb   Thumb Code     0  startup_stm32f407xx.o(.text)
    OTG_FS_WKUP_IRQHandler                   0x080001bb   Thumb Code     0  startup_stm32f407xx.o(.text)
    OTG_HS_EP1_IN_IRQHandler                 0x080001bb   Thumb Code     0  startup_stm32f407xx.o(.text)
    OTG_HS_EP1_OUT_IRQHandler                0x080001bb   Thumb Code     0  startup_stm32f407xx.o(.text)
    OTG_HS_IRQHandler                        0x080001bb   Thumb Code     0  startup_stm32f407xx.o(.text)
    OTG_HS_WKUP_IRQHandler                   0x080001bb   Thumb Code     0  startup_stm32f407xx.o(.text)
    PVD_IRQHandler                           0x080001bb   Thumb Code     0  startup_stm32f407xx.o(.text)
    RCC_IRQHandler                           0x080001bb   Thumb Code     0  startup_stm32f407xx.o(.text)
    RTC_Alarm_IRQHandler                     0x080001bb   Thumb Code     0  startup_stm32f407xx.o(.text)
    RTC_WKUP_IRQHandler                      0x080001bb   Thumb Code     0  startup_stm32f407xx.o(.text)
    SDIO_IRQHandler                          0x080001bb   Thumb Code     0  startup_stm32f407xx.o(.text)
    SPI1_IRQHandler                          0x080001bb   Thumb Code     0  startup_stm32f407xx.o(.text)
    SPI2_IRQHandler                          0x080001bb   Thumb Code     0  startup_stm32f407xx.o(.text)
    SPI3_IRQHandler                          0x080001bb   Thumb Code     0  startup_stm32f407xx.o(.text)
    TAMP_STAMP_IRQHandler                    0x080001bb   Thumb Code     0  startup_stm32f407xx.o(.text)
    TIM1_BRK_TIM9_IRQHandler                 0x080001bb   Thumb Code     0  startup_stm32f407xx.o(.text)
    TIM1_CC_IRQHandler                       0x080001bb   Thumb Code     0  startup_stm32f407xx.o(.text)
    TIM1_TRG_COM_TIM11_IRQHandler            0x080001bb   Thumb Code     0  startup_stm32f407xx.o(.text)
    TIM1_UP_TIM10_IRQHandler                 0x080001bb   Thumb Code     0  startup_stm32f407xx.o(.text)
    TIM2_IRQHandler                          0x080001bb   Thumb Code     0  startup_stm32f407xx.o(.text)
    TIM3_IRQHandler                          0x080001bb   Thumb Code     0  startup_stm32f407xx.o(.text)
    TIM4_IRQHandler                          0x080001bb   Thumb Code     0  startup_stm32f407xx.o(.text)
    TIM5_IRQHandler                          0x080001bb   Thumb Code     0  startup_stm32f407xx.o(.text)
    TIM6_DAC_IRQHandler                      0x080001bb   Thumb Code     0  startup_stm32f407xx.o(.text)
    TIM7_IRQHandler                          0x080001bb   Thumb Code     0  startup_stm32f407xx.o(.text)
    TIM8_BRK_TIM12_IRQHandler                0x080001bb   Thumb Code     0  startup_stm32f407xx.o(.text)
    TIM8_CC_IRQHandler                       0x080001bb   Thumb Code     0  startup_stm32f407xx.o(.text)
    TIM8_TRG_COM_TIM14_IRQHandler            0x080001bb   Thumb Code     0  startup_stm32f407xx.o(.text)
    TIM8_UP_TIM13_IRQHandler                 0x080001bb   Thumb Code     0  startup_stm32f407xx.o(.text)
    UART4_IRQHandler                         0x080001bb   Thumb Code     0  startup_stm32f407xx.o(.text)
    UART5_IRQHandler                         0x080001bb   Thumb Code     0  startup_stm32f407xx.o(.text)
    USART1_IRQHandler                        0x080001bb   Thumb Code     0  startup_stm32f407xx.o(.text)
    USART2_IRQHandler                        0x080001bb   Thumb Code     0  startup_stm32f407xx.o(.text)
    USART6_IRQHandler                        0x080001bb   Thumb Code     0  startup_stm32f407xx.o(.text)
    WWDG_IRQHandler                          0x080001bb   Thumb Code     0  startup_stm32f407xx.o(.text)
    __aeabi_uldivmod                         0x080001c5   Thumb Code    98  uldiv.o(.text)
    __aeabi_memset                           0x08000227   Thumb Code    14  memseta.o(.text)
    __aeabi_memset4                          0x08000227   Thumb Code     0  memseta.o(.text)
    __aeabi_memset8                          0x08000227   Thumb Code     0  memseta.o(.text)
    __aeabi_memclr                           0x08000235   Thumb Code     4  memseta.o(.text)
    __aeabi_memclr4                          0x08000235   Thumb Code     0  memseta.o(.text)
    __aeabi_memclr8                          0x08000235   Thumb Code     0  memseta.o(.text)
    _memset$wrapper                          0x08000239   Thumb Code    18  memseta.o(.text)
    strlen                                   0x0800024b   Thumb Code    14  strlen.o(.text)
    __aeabi_dmul                             0x08000259   Thumb Code   228  dmul.o(.text)
    __aeabi_ui2d                             0x0800033d   Thumb Code    26  dfltui.o(.text)
    __aeabi_d2uiz                            0x08000357   Thumb Code    50  dfixui.o(.text)
    __aeabi_f2d                              0x08000389   Thumb Code    38  f2d.o(.text)
    __aeabi_uidiv                            0x080003af   Thumb Code     0  uidiv.o(.text)
    __aeabi_uidivmod                         0x080003af   Thumb Code    44  uidiv.o(.text)
    __aeabi_llsl                             0x080003db   Thumb Code    30  llshl.o(.text)
    _ll_shift_l                              0x080003db   Thumb Code     0  llshl.o(.text)
    __aeabi_llsr                             0x080003f9   Thumb Code    32  llushr.o(.text)
    _ll_ushift_r                             0x080003f9   Thumb Code     0  llushr.o(.text)
    __I$use$fp                               0x08000419   Thumb Code     0  iusefp.o(.text)
    _frnd                                    0x08000419   Thumb Code    60  frnd.o(.text)
    _double_round                            0x08000455   Thumb Code    30  depilogue.o(.text)
    _double_epilogue                         0x08000473   Thumb Code   156  depilogue.o(.text)
    __aeabi_dadd                             0x0800050f   Thumb Code   322  dadd.o(.text)
    __aeabi_dsub                             0x08000651   Thumb Code     6  dadd.o(.text)
    __aeabi_drsub                            0x08000657   Thumb Code     6  dadd.o(.text)
    __aeabi_ddiv                             0x0800065d   Thumb Code   222  ddiv.o(.text)
    __aeabi_d2ulz                            0x0800073b   Thumb Code    48  dfixul.o(.text)
    __aeabi_cdrcmple                         0x0800076d   Thumb Code    48  cdrcmple.o(.text)
    __scatterload                            0x0800079d   Thumb Code    28  init.o(.text)
    __scatterload_rt2                        0x0800079d   Thumb Code     0  init.o(.text)
    __aeabi_lasr                             0x080007c1   Thumb Code    36  llsshr.o(.text)
    _ll_sshift_r                             0x080007c1   Thumb Code     0  llsshr.o(.text)
    _float_round                             0x080007e5   Thumb Code    18  fepilogue.o(.text)
    _float_epilogue                          0x080007f7   Thumb Code    92  fepilogue.o(.text)
    arm_bitreversal_32                       0x08000855   Thumb Code    68  arm_bitreversal2.o(.text.arm_bitreversal_32)
    arm_cfft_f32                             0x08000899   Thumb Code   224  arm_cfft_f32.o(.text.arm_cfft_f32)
    arm_cfft_init_f32                        0x08000979   Thumb Code   180  arm_cfft_init_f32.o(.text.arm_cfft_init_f32)
    arm_cfft_radix8by2_f32                   0x08000a2d   Thumb Code   408  arm_cfft_f32.o(.text.arm_cfft_radix8by2_f32)
    arm_cfft_radix8by4_f32                   0x08000bc5   Thumb Code  1020  arm_cfft_f32.o(.text.arm_cfft_radix8by4_f32)
    arm_cmplx_mag_f32                        0x08000fc1   Thumb Code   340  arm_cmplx_mag_f32.o(.text.arm_cmplx_mag_f32)
    arm_cos_f32                              0x08001115   Thumb Code   152  arm_cos_f32.o(.text.arm_cos_f32)
    arm_radix8_butterfly_f32                 0x080011ad   Thumb Code  1458  arm_cfft_radix8_f32.o(.text.arm_radix8_butterfly_f32)
    arm_rfft_fast_f32                        0x080018a1   Thumb Code    70  arm_rfft_fast_f32.o(.text.arm_rfft_fast_f32)
    arm_rfft_fast_init_f32                   0x080018e7   Thumb Code   144  arm_rfft_fast_init_f32.o(.text.arm_rfft_fast_init_f32)
    merge_rfft_f32                           0x08001979   Thumb Code   180  arm_rfft_fast_f32.o(.text.merge_rfft_f32)
    stage_rfft_f32                           0x08001a2d   Thumb Code   180  arm_rfft_fast_f32.o(.text.stage_rfft_f32)
    AD9834_EnableOutput                      0x08001ae1   Thumb Code     8  ad9834.o(i.AD9834_EnableOutput)
    AD9834_Init                              0x08001ae9   Thumb Code    60  ad9834.o(i.AD9834_Init)
    AD9834_Reset                             0x08001b29   Thumb Code    28  ad9834.o(i.AD9834_Reset)
    AD9834_SetFrequency                      0x08001b45   Thumb Code    68  ad9834.o(i.AD9834_SetFrequency)
    AD9834_SetPhase                          0x08001b91   Thumb Code     6  ad9834.o(i.AD9834_SetPhase)
    AD9834_Write_16Bits                      0x08001b99   Thumb Code   100  ad9834.o(i.AD9834_Write_16Bits)
    AD9959_ConfigurePLL                      0x08001c01   Thumb Code    52  main.o(i.AD9959_ConfigurePLL)
    AD9959_EnableSyncMode                    0x08001c35   Thumb Code    28  main.o(i.AD9959_EnableSyncMode)
    AD9959_ResetUsedPhases                   0x08001c51   Thumb Code    18  main.o(i.AD9959_ResetUsedPhases)
    AD9959_SynchronizeChannels               0x08001c63   Thumb Code    20  main.o(i.AD9959_SynchronizeChannels)
    AD9959_WriteRegister                     0x08001c77   Thumb Code    16  main.o(i.AD9959_WriteRegister)
    AdjustMixedSignalPhase                   0x08001e3d   Thumb Code   512  main.o(i.AdjustMixedSignalPhase)
    AdjustPhaseBasedOnPLL                    0x08002071   Thumb Code   134  main.o(i.AdjustPhaseBasedOnPLL)
    BusFault_Handler                         0x0800211d   Thumb Code     2  stm32f4xx_it.o(i.BusFault_Handler)
    CheckAndAdjustPhase                      0x08002121   Thumb Code   118  main.o(i.CheckAndAdjustPhase)
    ConfigureSoftwarePLL                     0x080021d9   Thumb Code   118  main.o(i.ConfigureSoftwarePLL)
    DMA2_Stream0_IRQHandler                  0x0800225d   Thumb Code     6  stm32f4xx_it.o(i.DMA2_Stream0_IRQHandler)
    DMA2_Stream2_IRQHandler                  0x08002269   Thumb Code     6  stm32f4xx_it.o(i.DMA2_Stream2_IRQHandler)
    DebugMon_Handler                         0x08002319   Thumb Code     2  stm32f4xx_it.o(i.DebugMon_Handler)
    Detect_Wave_Type                         0x0800231d   Thumb Code   322  main.o(i.Detect_Wave_Type)
    Error_Handler                            0x08002481   Thumb Code     4  main.o(i.Error_Handler)
    Find_Nearest_Multiple                    0x08002485   Thumb Code    54  main.o(i.Find_Nearest_Multiple)
    Generate_Hanning_Window                  0x080024bd   Thumb Code    80  main.o(i.Generate_Hanning_Window)
    HAL_ADC_ConfigChannel                    0x08002519   Thumb Code   316  stm32f4xx_hal_adc.o(i.HAL_ADC_ConfigChannel)
    HAL_ADC_ConvCpltCallback                 0x08002665   Thumb Code    22  main.o(i.HAL_ADC_ConvCpltCallback)
    HAL_ADC_ConvHalfCpltCallback             0x08002689   Thumb Code     2  stm32f4xx_hal_adc.o(i.HAL_ADC_ConvHalfCpltCallback)
    HAL_ADC_ErrorCallback                    0x0800268b   Thumb Code     2  stm32f4xx_hal_adc.o(i.HAL_ADC_ErrorCallback)
    HAL_ADC_GetValue                         0x0800268d   Thumb Code     6  stm32f4xx_hal_adc.o(i.HAL_ADC_GetValue)
    HAL_ADC_Init                             0x08002693   Thumb Code    84  stm32f4xx_hal_adc.o(i.HAL_ADC_Init)
    HAL_ADC_MspInit                          0x080026e9   Thumb Code   228  adc.o(i.HAL_ADC_MspInit)
    HAL_ADC_PollForConversion                0x080027e9   Thumb Code   170  stm32f4xx_hal_adc.o(i.HAL_ADC_PollForConversion)
    HAL_ADC_Start                            0x08002895   Thumb Code   228  stm32f4xx_hal_adc.o(i.HAL_ADC_Start)
    HAL_ADC_Start_DMA                        0x08002991   Thumb Code   306  stm32f4xx_hal_adc.o(i.HAL_ADC_Start_DMA)
    HAL_ADC_Stop                             0x08002ae9   Thumb Code    60  stm32f4xx_hal_adc.o(i.HAL_ADC_Stop)
    HAL_ADC_Stop_DMA                         0x08002b25   Thumb Code   108  stm32f4xx_hal_adc.o(i.HAL_ADC_Stop_DMA)
    HAL_DMA_Abort                            0x08002b91   Thumb Code   146  stm32f4xx_hal_dma.o(i.HAL_DMA_Abort)
    HAL_DMA_Abort_IT                         0x08002c23   Thumb Code    36  stm32f4xx_hal_dma.o(i.HAL_DMA_Abort_IT)
    HAL_DMA_IRQHandler                       0x08002c49   Thumb Code   412  stm32f4xx_hal_dma.o(i.HAL_DMA_IRQHandler)
    HAL_DMA_Init                             0x08002de9   Thumb Code   206  stm32f4xx_hal_dma.o(i.HAL_DMA_Init)
    HAL_DMA_Start_IT                         0x08002ebd   Thumb Code   110  stm32f4xx_hal_dma.o(i.HAL_DMA_Start_IT)
    HAL_Delay                                0x08002f2d   Thumb Code    32  stm32f4xx_hal.o(i.HAL_Delay)
    HAL_GPIO_Init                            0x08002f51   Thumb Code   450  stm32f4xx_hal_gpio.o(i.HAL_GPIO_Init)
    HAL_GPIO_WritePin                        0x08003141   Thumb Code    10  stm32f4xx_hal_gpio.o(i.HAL_GPIO_WritePin)
    HAL_GetTick                              0x0800314d   Thumb Code     6  stm32f4xx_hal.o(i.HAL_GetTick)
    HAL_IncTick                              0x08003159   Thumb Code    12  stm32f4xx_hal.o(i.HAL_IncTick)
    HAL_Init                                 0x08003169   Thumb Code    48  stm32f4xx_hal.o(i.HAL_Init)
    HAL_InitTick                             0x0800319d   Thumb Code    54  stm32f4xx_hal.o(i.HAL_InitTick)
    HAL_MspInit                              0x080031dd   Thumb Code    42  stm32f4xx_hal_msp.o(i.HAL_MspInit)
    HAL_NVIC_EnableIRQ                       0x0800320d   Thumb Code    26  stm32f4xx_hal_cortex.o(i.HAL_NVIC_EnableIRQ)
    HAL_NVIC_SetPriority                     0x08003229   Thumb Code    60  stm32f4xx_hal_cortex.o(i.HAL_NVIC_SetPriority)
    HAL_NVIC_SetPriorityGrouping             0x08003269   Thumb Code    26  stm32f4xx_hal_cortex.o(i.HAL_NVIC_SetPriorityGrouping)
    HAL_RCC_ClockConfig                      0x0800328d   Thumb Code   288  stm32f4xx_hal_rcc.o(i.HAL_RCC_ClockConfig)
    HAL_RCC_GetPCLK1Freq                     0x080033c1   Thumb Code    20  stm32f4xx_hal_rcc.o(i.HAL_RCC_GetPCLK1Freq)
    HAL_RCC_GetPCLK2Freq                     0x080033e1   Thumb Code    20  stm32f4xx_hal_rcc.o(i.HAL_RCC_GetPCLK2Freq)
    HAL_RCC_GetSysClockFreq                  0x08003401   Thumb Code    88  stm32f4xx_hal_rcc.o(i.HAL_RCC_GetSysClockFreq)
    HAL_RCC_OscConfig                        0x08003461   Thumb Code   856  stm32f4xx_hal_rcc.o(i.HAL_RCC_OscConfig)
    HAL_SYSTICK_Config                       0x080037cd   Thumb Code    40  stm32f4xx_hal_cortex.o(i.HAL_SYSTICK_Config)
    HAL_TIMEx_MasterConfigSynchronization    0x080037f5   Thumb Code   116  stm32f4xx_hal_tim_ex.o(i.HAL_TIMEx_MasterConfigSynchronization)
    HAL_TIM_Base_Init                        0x08003885   Thumb Code    90  stm32f4xx_hal_tim.o(i.HAL_TIM_Base_Init)
    HAL_TIM_Base_MspInit                     0x080038e1   Thumb Code    30  tim.o(i.HAL_TIM_Base_MspInit)
    HAL_TIM_Base_Start                       0x08003905   Thumb Code    90  stm32f4xx_hal_tim.o(i.HAL_TIM_Base_Start)
    HAL_TIM_Base_Start_IT                    0x0800397d   Thumb Code   100  stm32f4xx_hal_tim.o(i.HAL_TIM_Base_Start_IT)
    HAL_TIM_ConfigClockSource                0x080039fd   Thumb Code   220  stm32f4xx_hal_tim.o(i.HAL_TIM_ConfigClockSource)
    HAL_UARTEx_RxEventCallback               0x08003ad9   Thumb Code     2  stm32f4xx_hal_uart.o(i.HAL_UARTEx_RxEventCallback)
    HAL_UART_ErrorCallback                   0x08003adb   Thumb Code     2  stm32f4xx_hal_uart.o(i.HAL_UART_ErrorCallback)
    HAL_UART_IRQHandler                      0x08003add   Thumb Code   636  stm32f4xx_hal_uart.o(i.HAL_UART_IRQHandler)
    HAL_UART_Init                            0x08003d5d   Thumb Code   100  stm32f4xx_hal_uart.o(i.HAL_UART_Init)
    HAL_UART_MspInit                         0x08003dc1   Thumb Code   110  usart.o(i.HAL_UART_MspInit)
    HAL_UART_Receive_IT                      0x08003e3d   Thumb Code    28  stm32f4xx_hal_uart.o(i.HAL_UART_Receive_IT)
    HAL_UART_RxCpltCallback                  0x08003e59   Thumb Code    26  main.o(i.HAL_UART_RxCpltCallback)
    HAL_UART_Transmit                        0x08003e81   Thumb Code   160  stm32f4xx_hal_uart.o(i.HAL_UART_Transmit)
    HAL_UART_TxCpltCallback                  0x08003f21   Thumb Code     2  stm32f4xx_hal_uart.o(i.HAL_UART_TxCpltCallback)
    HardFault_Handler                        0x08003f23   Thumb Code     2  stm32f4xx_it.o(i.HardFault_Handler)
    MX_ADC1_Init                             0x08003f25   Thumb Code    92  adc.o(i.MX_ADC1_Init)
    MX_ADC2_Init                             0x08003f89   Thumb Code    90  adc.o(i.MX_ADC2_Init)
    MX_DMA_Init                              0x08003fed   Thumb Code    56  dma.o(i.MX_DMA_Init)
    MX_GPIO_Init                             0x08004029   Thumb Code   210  gpio.o(i.MX_GPIO_Init)
    MX_TIM2_Init                             0x0800410d   Thumb Code    96  tim.o(i.MX_TIM2_Init)
    MX_USART3_UART_Init                      0x08004171   Thumb Code    48  usart.o(i.MX_USART3_UART_Init)
    MeasurePhaseError                        0x080041a9   Thumb Code   580  main.o(i.MeasurePhaseError)
    MemManage_Handler                        0x08004401   Thumb Code     2  stm32f4xx_it.o(i.MemManage_Handler)
    NMI_Handler                              0x08004403   Thumb Code     2  stm32f4xx_it.o(i.NMI_Handler)
    PendSV_Handler                           0x08004405   Thumb Code     2  stm32f4xx_it.o(i.PendSV_Handler)
    Process_ADC_Data                         0x08004409   Thumb Code   266  main.o(i.Process_ADC_Data)
    SVC_Handler                              0x08004535   Thumb Code     2  stm32f4xx_it.o(i.SVC_Handler)
    Set_Output_Amplitudes                    0x08004537   Thumb Code    26  main.o(i.Set_Output_Amplitudes)
    Set_Output_Frequencies                   0x08004551   Thumb Code   252  main.o(i.Set_Output_Frequencies)
    StartPhaseTracking                       0x08004655   Thumb Code    34  main.o(i.StartPhaseTracking)
    SysTick_Handler                          0x08004681   Thumb Code     4  stm32f4xx_it.o(i.SysTick_Handler)
    SystemClock_Config                       0x08004685   Thumb Code   138  main.o(i.SystemClock_Config)
    SystemInit                               0x08004719   Thumb Code    12  system_stm32f4xx.o(i.SystemInit)
    TIM_Base_SetConfig                       0x08004729   Thumb Code   164  stm32f4xx_hal_tim.o(i.TIM_Base_SetConfig)
    TIM_ETR_SetConfig                        0x080047f9   Thumb Code    20  stm32f4xx_hal_tim.o(i.TIM_ETR_SetConfig)
    TJC_Init                                 0x08004865   Thumb Code    60  main.o(i.TJC_Init)
    TJC_SendCmd                              0x08004931   Thumb Code    42  main.o(i.TJC_SendCmd)
    TJC_UpdateFFTData                        0x08004965   Thumb Code   240  main.o(i.TJC_UpdateFFTData)
    TJC_UpdateSignalInfo                     0x08004ab1   Thumb Code   188  main.o(i.TJC_UpdateSignalInfo)
    UART_Start_Receive_IT                    0x08004e8d   Thumb Code    54  stm32f4xx_hal_uart.o(i.UART_Start_Receive_IT)
    USART3_IRQHandler                        0x08004f35   Thumb Code     6  stm32f4xx_it.o(i.USART3_IRQHandler)
    UsageFault_Handler                       0x08004f41   Thumb Code     2  stm32f4xx_it.o(i.UsageFault_Handler)
    __0printf                                0x08004f45   Thumb Code    22  printfa.o(i.__0printf)
    __1printf                                0x08004f45   Thumb Code     0  printfa.o(i.__0printf)
    __2printf                                0x08004f45   Thumb Code     0  printfa.o(i.__0printf)
    __c89printf                              0x08004f45   Thumb Code     0  printfa.o(i.__0printf)
    printf                                   0x08004f45   Thumb Code     0  printfa.o(i.__0printf)
    __0sprintf                               0x08004f65   Thumb Code    34  printfa.o(i.__0sprintf)
    __1sprintf                               0x08004f65   Thumb Code     0  printfa.o(i.__0sprintf)
    __2sprintf                               0x08004f65   Thumb Code     0  printfa.o(i.__0sprintf)
    __c89sprintf                             0x08004f65   Thumb Code     0  printfa.o(i.__0sprintf)
    sprintf                                  0x08004f65   Thumb Code     0  printfa.o(i.__0sprintf)
    __hardfp_roundf                          0x08004fad   Thumb Code   154  roundf.o(i.__hardfp_roundf)
    __hardfp_sqrtf                           0x08005047   Thumb Code    58  sqrtf.o(i.__hardfp_sqrtf)
    __scatterload_copy                       0x08005081   Thumb Code    14  handlers.o(i.__scatterload_copy)
    __scatterload_null                       0x0800508f   Thumb Code     2  handlers.o(i.__scatterload_null)
    __scatterload_zeroinit                   0x08005091   Thumb Code    14  handlers.o(i.__scatterload_zeroinit)
    __set_errno                              0x080050a1   Thumb Code     6  errno.o(i.__set_errno)
    ad9959_init                              0x0800594d   Thumb Code   142  ad9959.o(i.ad9959_init)
    ad9959_io_init                           0x080059e5   Thumb Code   134  ad9959.o(i.ad9959_io_init)
    ad9959_io_update                         0x08005a75   Thumb Code    54  ad9959.o(i.ad9959_io_update)
    ad9959_reset                             0x08005ab1   Thumb Code    54  ad9959.o(i.ad9959_reset)
    ad9959_reset_phase                       0x08005aed   Thumb Code     6  ad9959.o(i.ad9959_reset_phase)
    ad9959_write_amplitude                   0x08005af3   Thumb Code    50  ad9959.o(i.ad9959_write_amplitude)
    ad9959_write_data                        0x08005b25   Thumb Code   208  ad9959.o(i.ad9959_write_data)
    ad9959_write_frequency                   0x08005bfd   Thumb Code    80  ad9959.o(i.ad9959_write_frequency)
    ad9959_write_phase                       0x08005c55   Thumb Code    40  ad9959.o(i.ad9959_write_phase)
    fputc                                    0x08005c81   Thumb Code    18  usart.o(i.fputc)
    main                                     0x08005c99   Thumb Code   290  main.o(i.main)
    AHBPrescTable                            0x08005ddc   Data          16  system_stm32f4xx.o(.constdata)
    APBPrescTable                            0x08005dec   Data           8  system_stm32f4xx.o(.constdata)
    armBitRevIndexTable1024                  0x08005df4   Data        3600  arm_common_tables.o(.rodata.armBitRevIndexTable1024)
    armBitRevIndexTable128                   0x08006c04   Data         416  arm_common_tables.o(.rodata.armBitRevIndexTable128)
    armBitRevIndexTable16                    0x08006da4   Data          40  arm_common_tables.o(.rodata.armBitRevIndexTable16)
    armBitRevIndexTable2048                  0x08006dcc   Data        7616  arm_common_tables.o(.rodata.armBitRevIndexTable2048)
    armBitRevIndexTable256                   0x08008b8c   Data         880  arm_common_tables.o(.rodata.armBitRevIndexTable256)
    armBitRevIndexTable32                    0x08008efc   Data          96  arm_common_tables.o(.rodata.armBitRevIndexTable32)
    armBitRevIndexTable4096                  0x08008f5c   Data        8064  arm_common_tables.o(.rodata.armBitRevIndexTable4096)
    armBitRevIndexTable512                   0x0800aedc   Data         896  arm_common_tables.o(.rodata.armBitRevIndexTable512)
    armBitRevIndexTable64                    0x0800b25c   Data         112  arm_common_tables.o(.rodata.armBitRevIndexTable64)
    arm_cfft_sR_f32_len1024                  0x0800b2cc   Data          16  arm_const_structs.o(.rodata.arm_cfft_sR_f32_len1024)
    arm_cfft_sR_f32_len128                   0x0800b2dc   Data          16  arm_const_structs.o(.rodata.arm_cfft_sR_f32_len128)
    arm_cfft_sR_f32_len16                    0x0800b2ec   Data          16  arm_const_structs.o(.rodata.arm_cfft_sR_f32_len16)
    arm_cfft_sR_f32_len2048                  0x0800b2fc   Data          16  arm_const_structs.o(.rodata.arm_cfft_sR_f32_len2048)
    arm_cfft_sR_f32_len256                   0x0800b30c   Data          16  arm_const_structs.o(.rodata.arm_cfft_sR_f32_len256)
    arm_cfft_sR_f32_len32                    0x0800b31c   Data          16  arm_const_structs.o(.rodata.arm_cfft_sR_f32_len32)
    arm_cfft_sR_f32_len4096                  0x0800b32c   Data          16  arm_const_structs.o(.rodata.arm_cfft_sR_f32_len4096)
    arm_cfft_sR_f32_len512                   0x0800b33c   Data          16  arm_const_structs.o(.rodata.arm_cfft_sR_f32_len512)
    arm_cfft_sR_f32_len64                    0x0800b34c   Data          16  arm_const_structs.o(.rodata.arm_cfft_sR_f32_len64)
    sinTable_f32                             0x0800b35c   Data        2052  arm_common_tables.o(.rodata.sinTable_f32)
    twiddleCoef_1024                         0x0800bb60   Data        8192  arm_common_tables.o(.rodata.twiddleCoef_1024)
    twiddleCoef_128                          0x0800db60   Data        1024  arm_common_tables.o(.rodata.twiddleCoef_128)
    twiddleCoef_16                           0x0800df60   Data         128  arm_common_tables.o(.rodata.twiddleCoef_16)
    twiddleCoef_2048                         0x0800dfe0   Data       16384  arm_common_tables.o(.rodata.twiddleCoef_2048)
    twiddleCoef_256                          0x08011fe0   Data        2048  arm_common_tables.o(.rodata.twiddleCoef_256)
    twiddleCoef_32                           0x080127e0   Data         256  arm_common_tables.o(.rodata.twiddleCoef_32)
    twiddleCoef_4096                         0x080128e0   Data       32768  arm_common_tables.o(.rodata.twiddleCoef_4096)
    twiddleCoef_512                          0x0801a8e0   Data        4096  arm_common_tables.o(.rodata.twiddleCoef_512)
    twiddleCoef_64                           0x0801b8e0   Data         512  arm_common_tables.o(.rodata.twiddleCoef_64)
    twiddleCoef_rfft_1024                    0x0801bae0   Data        4096  arm_common_tables.o(.rodata.twiddleCoef_rfft_1024)
    twiddleCoef_rfft_128                     0x0801cae0   Data         512  arm_common_tables.o(.rodata.twiddleCoef_rfft_128)
    twiddleCoef_rfft_2048                    0x0801cce0   Data        8192  arm_common_tables.o(.rodata.twiddleCoef_rfft_2048)
    twiddleCoef_rfft_256                     0x0801ece0   Data        1024  arm_common_tables.o(.rodata.twiddleCoef_rfft_256)
    twiddleCoef_rfft_32                      0x0801f0e0   Data         128  arm_common_tables.o(.rodata.twiddleCoef_rfft_32)
    twiddleCoef_rfft_4096                    0x0801f160   Data       16384  arm_common_tables.o(.rodata.twiddleCoef_rfft_4096)
    twiddleCoef_rfft_512                     0x08023160   Data        2048  arm_common_tables.o(.rodata.twiddleCoef_rfft_512)
    twiddleCoef_rfft_64                      0x08023960   Data         256  arm_common_tables.o(.rodata.twiddleCoef_rfft_64)
    Region$$Table$$Base                      0x08023a60   Number         0  anon$$obj.o(Region$$Table)
    Region$$Table$$Limit                     0x08023a80   Number         0  anon$$obj.o(Region$$Table)
    adc_conv_complete_flag                   0x20000000   Data           1  main.o(.data)
    process_flag                             0x20000001   Data           1  main.o(.data)
    pll_locked                               0x20000002   Data           1  main.o(.data)
    uart_rx_buffer                           0x20000003   Data           1  main.o(.data)
    wave_types                               0x20000004   Data           2  main.o(.data)
    phase_adjustment                         0x20000006   Data           2  main.o(.data)
    tjc_uart                                 0x2000000c   Data           4  main.o(.data)
    current_phase_error                      0x20000010   Data           4  main.o(.data)
    last_phase_check_time                    0x20000014   Data           4  main.o(.data)
    detected_freqs                           0x2000001c   Data           8  main.o(.data)
    detected_mags                            0x20000024   Data           8  main.o(.data)
    uwTickFreq                               0x2000002c   Data           1  stm32f4xx_hal.o(.data)
    uwTickPrio                               0x20000030   Data           4  stm32f4xx_hal.o(.data)
    uwTick                                   0x20000034   Data           4  stm32f4xx_hal.o(.data)
    SystemCoreClock                          0x20000038   Data           4  system_stm32f4xx.o(.data)
    FR2_DATA                                 0x2000003c   Data           2  ad9959.o(.data)
    CPOW0_DATA                               0x2000003e   Data           2  ad9959.o(.data)
    __stdout                                 0x20000040   Data           4  stdout.o(.data)
    fft_inst                                 0x200001c8   Data          24  main.o(.bss)
    adc_buf                                  0x200001e0   Data        4096  main.o(.bss)
    fft_input                                0x200011e0   Data        8192  main.o(.bss)
    fft_output                               0x200031e0   Data       16384  main.o(.bss)
    hanning_window                           0x200071e0   Data        8192  main.o(.bss)
    magnitude                                0x200091e0   Data        4096  main.o(.bss)
    htim3                                    0x2000a1e0   Data          72  main.o(.bss)
    hadc1                                    0x2000a228   Data          72  adc.o(.bss)
    hadc2                                    0x2000a270   Data          72  adc.o(.bss)
    hdma_adc1                                0x2000a2b8   Data          96  adc.o(.bss)
    hdma_adc2                                0x2000a318   Data          96  adc.o(.bss)
    htim2                                    0x2000a378   Data          72  tim.o(.bss)
    huart3                                   0x2000a3c0   Data          72  usart.o(.bss)
    __initial_sp                             0x2000a808   Data           0  startup_stm32f407xx.o(STACK)



==============================================================================

Memory Map of the image

  Image Entry point : 0x08000189

  Load Region LR_IROM1 (Base: 0x08000000, Size: 0x00023ac8, Max: 0x00100000, ABSOLUTE)

    Execution Region ER_IROM1 (Exec base: 0x08000000, Load base: 0x08000000, Size: 0x00023a80, Max: 0x00100000, ABSOLUTE)

    Exec Addr    Load Addr    Size         Type   Attr      Idx    E Section Name        Object

    0x08000000   0x08000000   0x00000188   Data   RO            3    RESET               startup_stm32f407xx.o
    0x08000188   0x08000188   0x00000000   Code   RO         4020  * .ARM.Collect$$$$00000000  mc_w.l(entry.o)
    0x08000188   0x08000188   0x00000004   Code   RO         4298    .ARM.Collect$$$$00000001  mc_w.l(entry2.o)
    0x0800018c   0x0800018c   0x00000004   Code   RO         4301    .ARM.Collect$$$$00000004  mc_w.l(entry5.o)
    0x08000190   0x08000190   0x00000000   Code   RO         4303    .ARM.Collect$$$$00000008  mc_w.l(entry7b.o)
    0x08000190   0x08000190   0x00000000   Code   RO         4305    .ARM.Collect$$$$0000000A  mc_w.l(entry8b.o)
    0x08000190   0x08000190   0x00000008   Code   RO         4306    .ARM.Collect$$$$0000000B  mc_w.l(entry9a.o)
    0x08000198   0x08000198   0x00000004   Code   RO         4313    .ARM.Collect$$$$0000000E  mc_w.l(entry12b.o)
    0x0800019c   0x0800019c   0x00000000   Code   RO         4308    .ARM.Collect$$$$0000000F  mc_w.l(entry10a.o)
    0x0800019c   0x0800019c   0x00000000   Code   RO         4310    .ARM.Collect$$$$00000011  mc_w.l(entry11a.o)
    0x0800019c   0x0800019c   0x00000004   Code   RO         4299    .ARM.Collect$$$$00002712  mc_w.l(entry2.o)
    0x080001a0   0x080001a0   0x00000024   Code   RO            4    .text               startup_stm32f407xx.o
    0x080001c4   0x080001c4   0x00000062   Code   RO         4023    .text               mc_w.l(uldiv.o)
    0x08000226   0x08000226   0x00000024   Code   RO         4025    .text               mc_w.l(memseta.o)
    0x0800024a   0x0800024a   0x0000000e   Code   RO         4027    .text               mc_w.l(strlen.o)
    0x08000258   0x08000258   0x000000e4   Code   RO         4290    .text               mf_w.l(dmul.o)
    0x0800033c   0x0800033c   0x0000001a   Code   RO         4292    .text               mf_w.l(dfltui.o)
    0x08000356   0x08000356   0x00000032   Code   RO         4294    .text               mf_w.l(dfixui.o)
    0x08000388   0x08000388   0x00000026   Code   RO         4296    .text               mf_w.l(f2d.o)
    0x080003ae   0x080003ae   0x0000002c   Code   RO         4315    .text               mc_w.l(uidiv.o)
    0x080003da   0x080003da   0x0000001e   Code   RO         4317    .text               mc_w.l(llshl.o)
    0x080003f8   0x080003f8   0x00000020   Code   RO         4319    .text               mc_w.l(llushr.o)
    0x08000418   0x08000418   0x00000000   Code   RO         4328    .text               mc_w.l(iusefp.o)
    0x08000418   0x08000418   0x0000003c   Code   RO         4329    .text               mf_w.l(frnd.o)
    0x08000454   0x08000454   0x000000ba   Code   RO         4331    .text               mf_w.l(depilogue.o)
    0x0800050e   0x0800050e   0x0000014e   Code   RO         4333    .text               mf_w.l(dadd.o)
    0x0800065c   0x0800065c   0x000000de   Code   RO         4335    .text               mf_w.l(ddiv.o)
    0x0800073a   0x0800073a   0x00000030   Code   RO         4337    .text               mf_w.l(dfixul.o)
    0x0800076a   0x0800076a   0x00000002   PAD
    0x0800076c   0x0800076c   0x00000030   Code   RO         4339    .text               mf_w.l(cdrcmple.o)
    0x0800079c   0x0800079c   0x00000024   Code   RO         4341    .text               mc_w.l(init.o)
    0x080007c0   0x080007c0   0x00000024   Code   RO         4343    .text               mc_w.l(llsshr.o)
    0x080007e4   0x080007e4   0x0000006e   Code   RO         4345    .text               mf_w.l(fepilogue.o)
    0x08000852   0x08000852   0x00000002   PAD
    0x08000854   0x08000854   0x00000044   Code   RO         3909    .text.arm_bitreversal_32  arm_cortexM4lf_math.lib(arm_bitreversal2.o)
    0x08000898   0x08000898   0x000000e0   Code   RO         3768    .text.arm_cfft_f32  arm_cortexM4lf_math.lib(arm_cfft_f32.o)
    0x08000978   0x08000978   0x000000b4   Code   RO         3778    .text.arm_cfft_init_f32  arm_cortexM4lf_math.lib(arm_cfft_init_f32.o)
    0x08000a2c   0x08000a2c   0x00000198   Code   RO         3764    .text.arm_cfft_radix8by2_f32  arm_cortexM4lf_math.lib(arm_cfft_f32.o)
    0x08000bc4   0x08000bc4   0x000003fc   Code   RO         3766    .text.arm_cfft_radix8by4_f32  arm_cortexM4lf_math.lib(arm_cfft_f32.o)
    0x08000fc0   0x08000fc0   0x00000154   Code   RO         3714    .text.arm_cmplx_mag_f32  arm_cortexM4lf_math.lib(arm_cmplx_mag_f32.o)
    0x08001114   0x08001114   0x00000098   Code   RO         3705    .text.arm_cos_f32   arm_cortexM4lf_math.lib(arm_cos_f32.o)
    0x080011ac   0x080011ac   0x000005b2   Code   RO         3921    .text.arm_radix8_butterfly_f32  arm_cortexM4lf_math.lib(arm_cfft_radix8_f32.o)
    0x0800175e   0x0800175e   0x0000002a   Code   RO         3744    .text.arm_rfft_1024_fast_init_f32  arm_cortexM4lf_math.lib(arm_rfft_fast_init_f32.o)
    0x08001788   0x08001788   0x00000026   Code   RO         3750    .text.arm_rfft_128_fast_init_f32  arm_cortexM4lf_math.lib(arm_rfft_fast_init_f32.o)
    0x080017ae   0x080017ae   0x0000002a   Code   RO         3742    .text.arm_rfft_2048_fast_init_f32  arm_cortexM4lf_math.lib(arm_rfft_fast_init_f32.o)
    0x080017d8   0x080017d8   0x00000028   Code   RO         3748    .text.arm_rfft_256_fast_init_f32  arm_cortexM4lf_math.lib(arm_rfft_fast_init_f32.o)
    0x08001800   0x08001800   0x00000026   Code   RO         3754    .text.arm_rfft_32_fast_init_f32  arm_cortexM4lf_math.lib(arm_rfft_fast_init_f32.o)
    0x08001826   0x08001826   0x0000002a   Code   RO         3740    .text.arm_rfft_4096_fast_init_f32  arm_cortexM4lf_math.lib(arm_rfft_fast_init_f32.o)
    0x08001850   0x08001850   0x0000002a   Code   RO         3746    .text.arm_rfft_512_fast_init_f32  arm_cortexM4lf_math.lib(arm_rfft_fast_init_f32.o)
    0x0800187a   0x0800187a   0x00000026   Code   RO         3752    .text.arm_rfft_64_fast_init_f32  arm_cortexM4lf_math.lib(arm_rfft_fast_init_f32.o)
    0x080018a0   0x080018a0   0x00000046   Code   RO         3728    .text.arm_rfft_fast_f32  arm_cortexM4lf_math.lib(arm_rfft_fast_f32.o)
    0x080018e6   0x080018e6   0x00000090   Code   RO         3738    .text.arm_rfft_fast_init_f32  arm_cortexM4lf_math.lib(arm_rfft_fast_init_f32.o)
    0x08001976   0x08001976   0x00000002   PAD
    0x08001978   0x08001978   0x000000b4   Code   RO         3726    .text.merge_rfft_f32  arm_cortexM4lf_math.lib(arm_rfft_fast_f32.o)
    0x08001a2c   0x08001a2c   0x000000b4   Code   RO         3724    .text.stage_rfft_f32  arm_cortexM4lf_math.lib(arm_rfft_fast_f32.o)
    0x08001ae0   0x08001ae0   0x00000008   Code   RO           13    i.AD9834_EnableOutput  ad9834.o
    0x08001ae8   0x08001ae8   0x00000040   Code   RO           14    i.AD9834_Init       ad9834.o
    0x08001b28   0x08001b28   0x0000001c   Code   RO           15    i.AD9834_Reset      ad9834.o
    0x08001b44   0x08001b44   0x0000004c   Code   RO           16    i.AD9834_SetFrequency  ad9834.o
    0x08001b90   0x08001b90   0x00000006   Code   RO           17    i.AD9834_SetPhase   ad9834.o
    0x08001b96   0x08001b96   0x00000002   PAD
    0x08001b98   0x08001b98   0x00000068   Code   RO           18    i.AD9834_Write_16Bits  ad9834.o
    0x08001c00   0x08001c00   0x00000034   Code   RO          179    i.AD9959_ConfigurePLL  main.o
    0x08001c34   0x08001c34   0x0000001c   Code   RO          180    i.AD9959_EnableSyncMode  main.o
    0x08001c50   0x08001c50   0x00000012   Code   RO          181    i.AD9959_ResetUsedPhases  main.o
    0x08001c62   0x08001c62   0x00000014   Code   RO          182    i.AD9959_SynchronizeChannels  main.o
    0x08001c76   0x08001c76   0x00000010   Code   RO          183    i.AD9959_WriteRegister  main.o
    0x08001c86   0x08001c86   0x0000006e   Code   RO          818    i.ADC_DMAConvCplt   stm32f4xx_hal_adc.o
    0x08001cf4   0x08001cf4   0x00000016   Code   RO          819    i.ADC_DMAError      stm32f4xx_hal_adc.o
    0x08001d0a   0x08001d0a   0x0000000a   Code   RO          820    i.ADC_DMAHalfConvCplt  stm32f4xx_hal_adc.o
    0x08001d14   0x08001d14   0x00000128   Code   RO          821    i.ADC_Init          stm32f4xx_hal_adc.o
    0x08001e3c   0x08001e3c   0x00000234   Code   RO          184    i.AdjustMixedSignalPhase  main.o
    0x08002070   0x08002070   0x000000ac   Code   RO          185    i.AdjustPhaseBasedOnPLL  main.o
    0x0800211c   0x0800211c   0x00000002   Code   RO          700    i.BusFault_Handler  stm32f4xx_it.o
    0x0800211e   0x0800211e   0x00000002   PAD
    0x08002120   0x08002120   0x000000b8   Code   RO          186    i.CheckAndAdjustPhase  main.o
    0x080021d8   0x080021d8   0x00000084   Code   RO          187    i.ConfigureSoftwarePLL  main.o
    0x0800225c   0x0800225c   0x0000000c   Code   RO          701    i.DMA2_Stream0_IRQHandler  stm32f4xx_it.o
    0x08002268   0x08002268   0x0000000c   Code   RO          702    i.DMA2_Stream2_IRQHandler  stm32f4xx_it.o
    0x08002274   0x08002274   0x00000028   Code   RO         1555    i.DMA_CalcBaseAndBitshift  stm32f4xx_hal_dma.o
    0x0800229c   0x0800229c   0x00000054   Code   RO         1556    i.DMA_CheckFifoParam  stm32f4xx_hal_dma.o
    0x080022f0   0x080022f0   0x00000028   Code   RO         1557    i.DMA_SetConfig     stm32f4xx_hal_dma.o
    0x08002318   0x08002318   0x00000002   Code   RO          703    i.DebugMon_Handler  stm32f4xx_it.o
    0x0800231a   0x0800231a   0x00000002   PAD
    0x0800231c   0x0800231c   0x00000164   Code   RO          188    i.Detect_Wave_Type  main.o
    0x08002480   0x08002480   0x00000004   Code   RO          189    i.Error_Handler     main.o
    0x08002484   0x08002484   0x00000036   Code   RO          190    i.Find_Nearest_Multiple  main.o
    0x080024ba   0x080024ba   0x00000002   PAD
    0x080024bc   0x080024bc   0x0000005c   Code   RO          191    i.Generate_Hanning_Window  main.o
    0x08002518   0x08002518   0x0000014c   Code   RO          823    i.HAL_ADC_ConfigChannel  stm32f4xx_hal_adc.o
    0x08002664   0x08002664   0x00000024   Code   RO          192    i.HAL_ADC_ConvCpltCallback  main.o
    0x08002688   0x08002688   0x00000002   Code   RO          825    i.HAL_ADC_ConvHalfCpltCallback  stm32f4xx_hal_adc.o
    0x0800268a   0x0800268a   0x00000002   Code   RO          827    i.HAL_ADC_ErrorCallback  stm32f4xx_hal_adc.o
    0x0800268c   0x0800268c   0x00000006   Code   RO          830    i.HAL_ADC_GetValue  stm32f4xx_hal_adc.o
    0x08002692   0x08002692   0x00000054   Code   RO          832    i.HAL_ADC_Init      stm32f4xx_hal_adc.o
    0x080026e6   0x080026e6   0x00000002   PAD
    0x080026e8   0x080026e8   0x00000100   Code   RO          536    i.HAL_ADC_MspInit   adc.o
    0x080027e8   0x080027e8   0x000000aa   Code   RO          836    i.HAL_ADC_PollForConversion  stm32f4xx_hal_adc.o
    0x08002892   0x08002892   0x00000002   PAD
    0x08002894   0x08002894   0x000000fc   Code   RO          838    i.HAL_ADC_Start     stm32f4xx_hal_adc.o
    0x08002990   0x08002990   0x00000158   Code   RO          839    i.HAL_ADC_Start_DMA  stm32f4xx_hal_adc.o
    0x08002ae8   0x08002ae8   0x0000003c   Code   RO          841    i.HAL_ADC_Stop      stm32f4xx_hal_adc.o
    0x08002b24   0x08002b24   0x0000006c   Code   RO          842    i.HAL_ADC_Stop_DMA  stm32f4xx_hal_adc.o
    0x08002b90   0x08002b90   0x00000092   Code   RO         1558    i.HAL_DMA_Abort     stm32f4xx_hal_dma.o
    0x08002c22   0x08002c22   0x00000024   Code   RO         1559    i.HAL_DMA_Abort_IT  stm32f4xx_hal_dma.o
    0x08002c46   0x08002c46   0x00000002   PAD
    0x08002c48   0x08002c48   0x000001a0   Code   RO         1563    i.HAL_DMA_IRQHandler  stm32f4xx_hal_dma.o
    0x08002de8   0x08002de8   0x000000d4   Code   RO         1564    i.HAL_DMA_Init      stm32f4xx_hal_dma.o
    0x08002ebc   0x08002ebc   0x0000006e   Code   RO         1568    i.HAL_DMA_Start_IT  stm32f4xx_hal_dma.o
    0x08002f2a   0x08002f2a   0x00000002   PAD
    0x08002f2c   0x08002f2c   0x00000024   Code   RO         1995    i.HAL_Delay         stm32f4xx_hal.o
    0x08002f50   0x08002f50   0x000001f0   Code   RO         1451    i.HAL_GPIO_Init     stm32f4xx_hal_gpio.o
    0x08003140   0x08003140   0x0000000a   Code   RO         1455    i.HAL_GPIO_WritePin  stm32f4xx_hal_gpio.o
    0x0800314a   0x0800314a   0x00000002   PAD
    0x0800314c   0x0800314c   0x0000000c   Code   RO         2001    i.HAL_GetTick       stm32f4xx_hal.o
    0x08003158   0x08003158   0x00000010   Code   RO         2007    i.HAL_IncTick       stm32f4xx_hal.o
    0x08003168   0x08003168   0x00000034   Code   RO         2008    i.HAL_Init          stm32f4xx_hal.o
    0x0800319c   0x0800319c   0x00000040   Code   RO         2009    i.HAL_InitTick      stm32f4xx_hal.o
    0x080031dc   0x080031dc   0x00000030   Code   RO          794    i.HAL_MspInit       stm32f4xx_hal_msp.o
    0x0800320c   0x0800320c   0x0000001a   Code   RO         1843    i.HAL_NVIC_EnableIRQ  stm32f4xx_hal_cortex.o
    0x08003226   0x08003226   0x00000002   PAD
    0x08003228   0x08003228   0x00000040   Code   RO         1849    i.HAL_NVIC_SetPriority  stm32f4xx_hal_cortex.o
    0x08003268   0x08003268   0x00000024   Code   RO         1850    i.HAL_NVIC_SetPriorityGrouping  stm32f4xx_hal_cortex.o
    0x0800328c   0x0800328c   0x00000134   Code   RO         1097    i.HAL_RCC_ClockConfig  stm32f4xx_hal_rcc.o
    0x080033c0   0x080033c0   0x00000020   Code   RO         1104    i.HAL_RCC_GetPCLK1Freq  stm32f4xx_hal_rcc.o
    0x080033e0   0x080033e0   0x00000020   Code   RO         1105    i.HAL_RCC_GetPCLK2Freq  stm32f4xx_hal_rcc.o
    0x08003400   0x08003400   0x00000060   Code   RO         1106    i.HAL_RCC_GetSysClockFreq  stm32f4xx_hal_rcc.o
    0x08003460   0x08003460   0x0000036c   Code   RO         1109    i.HAL_RCC_OscConfig  stm32f4xx_hal_rcc.o
    0x080037cc   0x080037cc   0x00000028   Code   RO         1854    i.HAL_SYSTICK_Config  stm32f4xx_hal_cortex.o
    0x080037f4   0x080037f4   0x00000090   Code   RO         2971    i.HAL_TIMEx_MasterConfigSynchronization  stm32f4xx_hal_tim_ex.o
    0x08003884   0x08003884   0x0000005a   Code   RO         2248    i.HAL_TIM_Base_Init  stm32f4xx_hal_tim.o
    0x080038de   0x080038de   0x00000002   PAD
    0x080038e0   0x080038e0   0x00000024   Code   RO          611    i.HAL_TIM_Base_MspInit  tim.o
    0x08003904   0x08003904   0x00000078   Code   RO         2251    i.HAL_TIM_Base_Start  stm32f4xx_hal_tim.o
    0x0800397c   0x0800397c   0x00000080   Code   RO         2253    i.HAL_TIM_Base_Start_IT  stm32f4xx_hal_tim.o
    0x080039fc   0x080039fc   0x000000dc   Code   RO         2257    i.HAL_TIM_ConfigClockSource  stm32f4xx_hal_tim.o
    0x08003ad8   0x08003ad8   0x00000002   Code   RO         3231    i.HAL_UARTEx_RxEventCallback  stm32f4xx_hal_uart.o
    0x08003ada   0x08003ada   0x00000002   Code   RO         3245    i.HAL_UART_ErrorCallback  stm32f4xx_hal_uart.o
    0x08003adc   0x08003adc   0x00000280   Code   RO         3248    i.HAL_UART_IRQHandler  stm32f4xx_hal_uart.o
    0x08003d5c   0x08003d5c   0x00000064   Code   RO         3249    i.HAL_UART_Init     stm32f4xx_hal_uart.o
    0x08003dc0   0x08003dc0   0x0000007c   Code   RO          653    i.HAL_UART_MspInit  usart.o
    0x08003e3c   0x08003e3c   0x0000001c   Code   RO         3254    i.HAL_UART_Receive_IT  stm32f4xx_hal_uart.o
    0x08003e58   0x08003e58   0x00000028   Code   RO          194    i.HAL_UART_RxCpltCallback  main.o
    0x08003e80   0x08003e80   0x000000a0   Code   RO         3257    i.HAL_UART_Transmit  stm32f4xx_hal_uart.o
    0x08003f20   0x08003f20   0x00000002   Code   RO         3260    i.HAL_UART_TxCpltCallback  stm32f4xx_hal_uart.o
    0x08003f22   0x08003f22   0x00000002   Code   RO          704    i.HardFault_Handler  stm32f4xx_it.o
    0x08003f24   0x08003f24   0x00000064   Code   RO          537    i.MX_ADC1_Init      adc.o
    0x08003f88   0x08003f88   0x00000064   Code   RO          538    i.MX_ADC2_Init      adc.o
    0x08003fec   0x08003fec   0x0000003c   Code   RO          583    i.MX_DMA_Init       dma.o
    0x08004028   0x08004028   0x000000e4   Code   RO          409    i.MX_GPIO_Init      gpio.o
    0x0800410c   0x0800410c   0x00000064   Code   RO          612    i.MX_TIM2_Init      tim.o
    0x08004170   0x08004170   0x00000038   Code   RO          654    i.MX_USART3_UART_Init  usart.o
    0x080041a8   0x080041a8   0x00000258   Code   RO          195    i.MeasurePhaseError  main.o
    0x08004400   0x08004400   0x00000002   Code   RO          705    i.MemManage_Handler  stm32f4xx_it.o
    0x08004402   0x08004402   0x00000002   Code   RO          706    i.NMI_Handler       stm32f4xx_it.o
    0x08004404   0x08004404   0x00000002   Code   RO          707    i.PendSV_Handler    stm32f4xx_it.o
    0x08004406   0x08004406   0x00000002   PAD
    0x08004408   0x08004408   0x0000012c   Code   RO          196    i.Process_ADC_Data  main.o
    0x08004534   0x08004534   0x00000002   Code   RO          708    i.SVC_Handler       stm32f4xx_it.o
    0x08004536   0x08004536   0x0000001a   Code   RO          197    i.Set_Output_Amplitudes  main.o
    0x08004550   0x08004550   0x00000104   Code   RO          198    i.Set_Output_Frequencies  main.o
    0x08004654   0x08004654   0x0000002c   Code   RO          199    i.StartPhaseTracking  main.o
    0x08004680   0x08004680   0x00000004   Code   RO          709    i.SysTick_Handler   stm32f4xx_it.o
    0x08004684   0x08004684   0x00000094   Code   RO          200    i.SystemClock_Config  main.o
    0x08004718   0x08004718   0x00000010   Code   RO         3583    i.SystemInit        system_stm32f4xx.o
    0x08004728   0x08004728   0x000000d0   Code   RO         2341    i.TIM_Base_SetConfig  stm32f4xx_hal_tim.o
    0x080047f8   0x080047f8   0x00000014   Code   RO         2352    i.TIM_ETR_SetConfig  stm32f4xx_hal_tim.o
    0x0800480c   0x0800480c   0x00000010   Code   RO         2353    i.TIM_ITRx_SetConfig  stm32f4xx_hal_tim.o
    0x0800481c   0x0800481c   0x00000022   Code   RO         2359    i.TIM_TI1_ConfigInputStage  stm32f4xx_hal_tim.o
    0x0800483e   0x0800483e   0x00000024   Code   RO         2361    i.TIM_TI2_ConfigInputStage  stm32f4xx_hal_tim.o
    0x08004862   0x08004862   0x00000002   PAD
    0x08004864   0x08004864   0x000000cc   Code   RO          201    i.TJC_Init          main.o
    0x08004930   0x08004930   0x00000034   Code   RO          202    i.TJC_SendCmd       main.o
    0x08004964   0x08004964   0x0000014c   Code   RO          203    i.TJC_UpdateFFTData  main.o
    0x08004ab0   0x08004ab0   0x000001b0   Code   RO          204    i.TJC_UpdateSignalInfo  main.o
    0x08004c60   0x08004c60   0x0000000e   Code   RO         3262    i.UART_DMAAbortOnError  stm32f4xx_hal_uart.o
    0x08004c6e   0x08004c6e   0x0000004e   Code   RO         3272    i.UART_EndRxTransfer  stm32f4xx_hal_uart.o
    0x08004cbc   0x08004cbc   0x000000c2   Code   RO         3274    i.UART_Receive_IT   stm32f4xx_hal_uart.o
    0x08004d7e   0x08004d7e   0x00000002   PAD
    0x08004d80   0x08004d80   0x0000010c   Code   RO         3275    i.UART_SetConfig    stm32f4xx_hal_uart.o
    0x08004e8c   0x08004e8c   0x00000036   Code   RO         3277    i.UART_Start_Receive_IT  stm32f4xx_hal_uart.o
    0x08004ec2   0x08004ec2   0x00000072   Code   RO         3278    i.UART_WaitOnFlagUntilTimeout  stm32f4xx_hal_uart.o
    0x08004f34   0x08004f34   0x0000000c   Code   RO          710    i.USART3_IRQHandler  stm32f4xx_it.o
    0x08004f40   0x08004f40   0x00000002   Code   RO          711    i.UsageFault_Handler  stm32f4xx_it.o
    0x08004f42   0x08004f42   0x00000002   PAD
    0x08004f44   0x08004f44   0x00000020   Code   RO         4262    i.__0printf         mc_w.l(printfa.o)
    0x08004f64   0x08004f64   0x00000028   Code   RO         4264    i.__0sprintf        mc_w.l(printfa.o)
    0x08004f8c   0x08004f8c   0x00000020   Code   RO         1856    i.__NVIC_SetPriority  stm32f4xx_hal_cortex.o
    0x08004fac   0x08004fac   0x0000009a   Code   RO         4016    i.__hardfp_roundf   m_wm.l(roundf.o)
    0x08005046   0x08005046   0x0000003a   Code   RO         4004    i.__hardfp_sqrtf    m_wm.l(sqrtf.o)
    0x08005080   0x08005080   0x0000000e   Code   RO         4349    i.__scatterload_copy  mc_w.l(handlers.o)
    0x0800508e   0x0800508e   0x00000002   Code   RO         4350    i.__scatterload_null  mc_w.l(handlers.o)
    0x08005090   0x08005090   0x0000000e   Code   RO         4351    i.__scatterload_zeroinit  mc_w.l(handlers.o)
    0x0800509e   0x0800509e   0x00000002   PAD
    0x080050a0   0x080050a0   0x0000000c   Code   RO         4323    i.__set_errno       mc_w.l(errno.o)
    0x080050ac   0x080050ac   0x00000184   Code   RO         4269    i._fp_digits        mc_w.l(printfa.o)
    0x08005230   0x08005230   0x000006b4   Code   RO         4270    i._printf_core      mc_w.l(printfa.o)
    0x080058e4   0x080058e4   0x00000024   Code   RO         4271    i._printf_post_padding  mc_w.l(printfa.o)
    0x08005908   0x08005908   0x0000002e   Code   RO         4272    i._printf_pre_padding  mc_w.l(printfa.o)
    0x08005936   0x08005936   0x0000000a   Code   RO         4274    i._sputc            mc_w.l(printfa.o)
    0x08005940   0x08005940   0x0000000c   Code   RO         3620    i.ad9959_delay      ad9959.o
    0x0800594c   0x0800594c   0x00000098   Code   RO         3621    i.ad9959_init       ad9959.o
    0x080059e4   0x080059e4   0x00000090   Code   RO         3622    i.ad9959_io_init    ad9959.o
    0x08005a74   0x08005a74   0x0000003c   Code   RO         3623    i.ad9959_io_update  ad9959.o
    0x08005ab0   0x08005ab0   0x0000003c   Code   RO         3624    i.ad9959_reset      ad9959.o
    0x08005aec   0x08005aec   0x00000006   Code   RO         3625    i.ad9959_reset_phase  ad9959.o
    0x08005af2   0x08005af2   0x00000032   Code   RO         3626    i.ad9959_write_amplitude  ad9959.o
    0x08005b24   0x08005b24   0x000000d8   Code   RO         3627    i.ad9959_write_data  ad9959.o
    0x08005bfc   0x08005bfc   0x00000058   Code   RO         3628    i.ad9959_write_frequency  ad9959.o
    0x08005c54   0x08005c54   0x0000002c   Code   RO         3629    i.ad9959_write_phase  ad9959.o
    0x08005c80   0x08005c80   0x00000018   Code   RO          655    i.fputc             usart.o
    0x08005c98   0x08005c98   0x0000013c   Code   RO          205    i.main              main.o
    0x08005dd4   0x08005dd4   0x00000008   Data   RO         1570    .constdata          stm32f4xx_hal_dma.o
    0x08005ddc   0x08005ddc   0x00000010   Data   RO         3584    .constdata          system_stm32f4xx.o
    0x08005dec   0x08005dec   0x00000008   Data   RO         3585    .constdata          system_stm32f4xx.o
    0x08005df4   0x08005df4   0x00000e10   Data   RO         3839    .rodata.armBitRevIndexTable1024  arm_cortexM4lf_math.lib(arm_common_tables.o)
    0x08006c04   0x08006c04   0x000001a0   Data   RO         3836    .rodata.armBitRevIndexTable128  arm_cortexM4lf_math.lib(arm_common_tables.o)
    0x08006da4   0x08006da4   0x00000028   Data   RO         3833    .rodata.armBitRevIndexTable16  arm_cortexM4lf_math.lib(arm_common_tables.o)
    0x08006dcc   0x08006dcc   0x00001dc0   Data   RO         3840    .rodata.armBitRevIndexTable2048  arm_cortexM4lf_math.lib(arm_common_tables.o)
    0x08008b8c   0x08008b8c   0x00000370   Data   RO         3837    .rodata.armBitRevIndexTable256  arm_cortexM4lf_math.lib(arm_common_tables.o)
    0x08008efc   0x08008efc   0x00000060   Data   RO         3834    .rodata.armBitRevIndexTable32  arm_cortexM4lf_math.lib(arm_common_tables.o)
    0x08008f5c   0x08008f5c   0x00001f80   Data   RO         3841    .rodata.armBitRevIndexTable4096  arm_cortexM4lf_math.lib(arm_common_tables.o)
    0x0800aedc   0x0800aedc   0x00000380   Data   RO         3838    .rodata.armBitRevIndexTable512  arm_cortexM4lf_math.lib(arm_common_tables.o)
    0x0800b25c   0x0800b25c   0x00000070   Data   RO         3835    .rodata.armBitRevIndexTable64  arm_cortexM4lf_math.lib(arm_common_tables.o)
    0x0800b2cc   0x0800b2cc   0x00000010   Data   RO         3945    .rodata.arm_cfft_sR_f32_len1024  arm_cortexM4lf_math.lib(arm_const_structs.o)
    0x0800b2dc   0x0800b2dc   0x00000010   Data   RO         3942    .rodata.arm_cfft_sR_f32_len128  arm_cortexM4lf_math.lib(arm_const_structs.o)
    0x0800b2ec   0x0800b2ec   0x00000010   Data   RO         3939    .rodata.arm_cfft_sR_f32_len16  arm_cortexM4lf_math.lib(arm_const_structs.o)
    0x0800b2fc   0x0800b2fc   0x00000010   Data   RO         3946    .rodata.arm_cfft_sR_f32_len2048  arm_cortexM4lf_math.lib(arm_const_structs.o)
    0x0800b30c   0x0800b30c   0x00000010   Data   RO         3943    .rodata.arm_cfft_sR_f32_len256  arm_cortexM4lf_math.lib(arm_const_structs.o)
    0x0800b31c   0x0800b31c   0x00000010   Data   RO         3940    .rodata.arm_cfft_sR_f32_len32  arm_cortexM4lf_math.lib(arm_const_structs.o)
    0x0800b32c   0x0800b32c   0x00000010   Data   RO         3947    .rodata.arm_cfft_sR_f32_len4096  arm_cortexM4lf_math.lib(arm_const_structs.o)
    0x0800b33c   0x0800b33c   0x00000010   Data   RO         3944    .rodata.arm_cfft_sR_f32_len512  arm_cortexM4lf_math.lib(arm_const_structs.o)
    0x0800b34c   0x0800b34c   0x00000010   Data   RO         3941    .rodata.arm_cfft_sR_f32_len64  arm_cortexM4lf_math.lib(arm_const_structs.o)
    0x0800b35c   0x0800b35c   0x00000804   Data   RO         3899    .rodata.sinTable_f32  arm_cortexM4lf_math.lib(arm_common_tables.o)
    0x0800bb60   0x0800bb60   0x00002000   Data   RO         3803    .rodata.twiddleCoef_1024  arm_cortexM4lf_math.lib(arm_common_tables.o)
    0x0800db60   0x0800db60   0x00000400   Data   RO         3800    .rodata.twiddleCoef_128  arm_cortexM4lf_math.lib(arm_common_tables.o)
    0x0800df60   0x0800df60   0x00000080   Data   RO         3797    .rodata.twiddleCoef_16  arm_cortexM4lf_math.lib(arm_common_tables.o)
    0x0800dfe0   0x0800dfe0   0x00004000   Data   RO         3804    .rodata.twiddleCoef_2048  arm_cortexM4lf_math.lib(arm_common_tables.o)
    0x08011fe0   0x08011fe0   0x00000800   Data   RO         3801    .rodata.twiddleCoef_256  arm_cortexM4lf_math.lib(arm_common_tables.o)
    0x080127e0   0x080127e0   0x00000100   Data   RO         3798    .rodata.twiddleCoef_32  arm_cortexM4lf_math.lib(arm_common_tables.o)
    0x080128e0   0x080128e0   0x00008000   Data   RO         3805    .rodata.twiddleCoef_4096  arm_cortexM4lf_math.lib(arm_common_tables.o)
    0x0801a8e0   0x0801a8e0   0x00001000   Data   RO         3802    .rodata.twiddleCoef_512  arm_cortexM4lf_math.lib(arm_common_tables.o)
    0x0801b8e0   0x0801b8e0   0x00000200   Data   RO         3799    .rodata.twiddleCoef_64  arm_cortexM4lf_math.lib(arm_common_tables.o)
    0x0801bae0   0x0801bae0   0x00001000   Data   RO         3864    .rodata.twiddleCoef_rfft_1024  arm_cortexM4lf_math.lib(arm_common_tables.o)
    0x0801cae0   0x0801cae0   0x00000200   Data   RO         3861    .rodata.twiddleCoef_rfft_128  arm_cortexM4lf_math.lib(arm_common_tables.o)
    0x0801cce0   0x0801cce0   0x00002000   Data   RO         3865    .rodata.twiddleCoef_rfft_2048  arm_cortexM4lf_math.lib(arm_common_tables.o)
    0x0801ece0   0x0801ece0   0x00000400   Data   RO         3862    .rodata.twiddleCoef_rfft_256  arm_cortexM4lf_math.lib(arm_common_tables.o)
    0x0801f0e0   0x0801f0e0   0x00000080   Data   RO         3859    .rodata.twiddleCoef_rfft_32  arm_cortexM4lf_math.lib(arm_common_tables.o)
    0x0801f160   0x0801f160   0x00004000   Data   RO         3866    .rodata.twiddleCoef_rfft_4096  arm_cortexM4lf_math.lib(arm_common_tables.o)
    0x08023160   0x08023160   0x00000800   Data   RO         3863    .rodata.twiddleCoef_rfft_512  arm_cortexM4lf_math.lib(arm_common_tables.o)
    0x08023960   0x08023960   0x00000100   Data   RO         3860    .rodata.twiddleCoef_rfft_64  arm_cortexM4lf_math.lib(arm_common_tables.o)
    0x08023a60   0x08023a60   0x00000020   Data   RO         4347    Region$$Table       anon$$obj.o


    Execution Region RW_IRAM1 (Exec base: 0x20000000, Load base: 0x08023a80, Size: 0x0000a808, Max: 0x0001c000, ABSOLUTE)

    Exec Addr    Load Addr    Size         Type   Attr      Idx    E Section Name        Object

    0x20000000   0x08023a80   0x0000002c   Data   RW          208    .data               main.o
    0x2000002c   0x08023aac   0x0000000c   Data   RW         2015    .data               stm32f4xx_hal.o
    0x20000038   0x08023ab8   0x00000004   Data   RW         3586    .data               system_stm32f4xx.o
    0x2000003c   0x08023abc   0x00000004   Data   RW         3630    .data               ad9959.o
    0x20000040   0x08023ac0   0x00000004   Data   RW         4314    .data               mc_w.l(stdout.o)
    0x20000044   0x08023ac4   0x00000004   Data   RW         4324    .data               mc_w.l(errno.o)
    0x20000048        -       0x0000a1e0   Zero   RW          206    .bss                main.o
    0x2000a228        -       0x00000150   Zero   RW          539    .bss                adc.o
    0x2000a378        -       0x00000048   Zero   RW          613    .bss                tim.o
    0x2000a3c0        -       0x00000048   Zero   RW          656    .bss                usart.o
    0x2000a408        -       0x00000400   Zero   RW            1    STACK               startup_stm32f407xx.o


    Execution Region RW_IRAM2 (Exec base: 0x2001c000, Load base: 0x08023ac8, Size: 0x00000000, Max: 0x00004000, ABSOLUTE)

    **** No section assigned to this execution region ****


==============================================================================

Image component sizes


      Code (inc. data)   RO Data    RW Data    ZI Data      Debug   Object Name

       286         16          0          0          0     703597   ad9834.o
       832         52          0          4          0      10696   ad9959.o
       456         46          0          0        336       2650   adc.o
        60          4          0          0          0        802   dma.o
       228         18          0          0          0     701839   gpio.o
      4482        842          0         44      41440      41558   main.o
        36          8        392          0       1024        844   startup_stm32f407xx.o
       180         28          0         12          0       9485   stm32f4xx_hal.o
      1798         90          0          0          0      10935   stm32f4xx_hal_adc.o
       198         14          0          0          0      33863   stm32f4xx_hal_cortex.o
      1084         16          8          0          0       7430   stm32f4xx_hal_dma.o
       506         46          0          0          0       2216   stm32f4xx_hal_gpio.o
        48          6          0          0          0        878   stm32f4xx_hal_msp.o
      1344         72          0          0          0       5308   stm32f4xx_hal_rcc.o
       872        102          0          0          0       7816   stm32f4xx_hal_tim.o
       144         28          0          0          0       1392   stm32f4xx_hal_tim_ex.o
      1656         14          0          0          0      11560   stm32f4xx_hal_uart.o
        56         18          0          0          0       5706   stm32f4xx_it.o
        16          4         24          4          0       1151   system_stm32f4xx.o
       136         10          0          0         72       1702   tim.o
       204         28          0          0         72       2322   usart.o

    ----------------------------------------------------------------------
     14652       1462        456         64      42944    1563750   Object Totals
         0          0         32          0          0          0   (incl. Generated)
        30          0          0          0          0          0   (incl. Padding)

    ----------------------------------------------------------------------

      Code (inc. data)   RO Data    RW Data    ZI Data      Debug   Library Member Name

        68          0          0          0          0       1792   arm_bitreversal2.o
      1652          0          0          0          0       7236   arm_cfft_f32.o
       180          0          0          0          0       1283   arm_cfft_init_f32.o
      1458          4          0          0          0       5452   arm_cfft_radix8_f32.o
       340          0          0          0          0       2270   arm_cmplx_mag_f32.o
         0          0     121820          0          0       6294   arm_common_tables.o
         0          0        144          0          0       4820   arm_const_structs.o
       152         12          0          0          0       1104   arm_cos_f32.o
       430          0          0          0          0       3280   arm_rfft_fast_f32.o
       466          0          0          0          0       3844   arm_rfft_fast_init_f32.o
       154          0          0          0          0        140   roundf.o
        58          0          0          0          0        136   sqrtf.o
         0          0          0          0          0          0   entry.o
         0          0          0          0          0          0   entry10a.o
         0          0          0          0          0          0   entry11a.o
         4          0          0          0          0          0   entry12b.o
         8          4          0          0          0          0   entry2.o
         4          0          0          0          0          0   entry5.o
         0          0          0          0          0          0   entry7b.o
         0          0          0          0          0          0   entry8b.o
         8          4          0          0          0          0   entry9a.o
        12          6          0          4          0         68   errno.o
        30          0          0          0          0          0   handlers.o
        36          8          0          0          0         68   init.o
         0          0          0          0          0          0   iusefp.o
        30          0          0          0          0         68   llshl.o
        36          0          0          0          0         68   llsshr.o
        32          0          0          0          0         68   llushr.o
        36          0          0          0          0        108   memseta.o
      2268         96          0          0          0        616   printfa.o
         0          0          0          4          0          0   stdout.o
        14          0          0          0          0         68   strlen.o
        44          0          0          0          0         80   uidiv.o
        98          0          0          0          0         92   uldiv.o
        48          0          0          0          0         68   cdrcmple.o
       334          0          0          0          0        148   dadd.o
       222          0          0          0          0        100   ddiv.o
       186          0          0          0          0        176   depilogue.o
        50          0          0          0          0         76   dfixui.o
        48          0          0          0          0         68   dfixul.o
        26          0          0          0          0         76   dfltui.o
       228          0          0          0          0         96   dmul.o
        38          0          0          0          0         68   f2d.o
       110          0          0          0          0        168   fepilogue.o
        60          0          0          0          0         76   frnd.o

    ----------------------------------------------------------------------
      8976        134     121964          8          0      40075   Library Totals
         8          0          0          0          0          0   (incl. Padding)

    ----------------------------------------------------------------------

      Code (inc. data)   RO Data    RW Data    ZI Data      Debug   Library Name

      4746         16     121964          0          0      37375   arm_cortexM4lf_math.lib
       212          0          0          0          0        276   m_wm.l
      2660        118          0          8          0       1304   mc_w.l
      1350          0          0          0          0       1120   mf_w.l

    ----------------------------------------------------------------------
      8976        134     121964          8          0      40075   Library Totals

    ----------------------------------------------------------------------

==============================================================================


      Code (inc. data)   RO Data    RW Data    ZI Data      Debug   

     23628       1596     122420         72      42944    1590569   Grand Totals
     23628       1596     122420         72      42944    1590569   ELF Image Totals
     23628       1596     122420         72          0          0   ROM Totals

==============================================================================

    Total RO  Size (Code + RO Data)               146048 ( 142.63kB)
    Total RW  Size (RW Data + ZI Data)             43016 (  42.01kB)
    Total ROM Size (Code + RO Data + RW Data)     146120 ( 142.70kB)

==============================================================================

